 ray

 Timestamp is 5ea0fb59 (Thu Apr 23 10:20:09 2020)

 Preferred load address is 00400000

 Start         Length     Name                   Class
 0001:00000000 000001e0H .text$di                CODE
 0001:000001e0 00077a60H .text$mn                CODE
 0001:00077c40 00002410H .text$x                 CODE
 0001:0007a050 000000d9H .text$yd                CODE
 0002:00000000 000006b4H .idata$5                DATA
 0002:000006b4 00000008H .00cfg                  DATA
 0002:000006bc 00000004H .CRT$XCA                DATA
 0002:000006c0 00000004H .CRT$XCAA               DATA
 0002:000006c4 00000004H .CRT$XCL                DATA
 0002:000006c8 0000002cH .CRT$XCU                DATA
 0002:000006f4 00000004H .CRT$XCZ                DATA
 0002:000006f8 00000004H .CRT$XIA                DATA
 0002:000006fc 00000004H .CRT$XIAA               DATA
 0002:00000700 00000004H .CRT$XIAC               DATA
 0002:00000704 00000004H .CRT$XIC                DATA
 0002:00000708 00000004H .CRT$XIZ                DATA
 0002:0000070c 00000004H .CRT$XLA                DATA
 0002:00000710 00000004H .CRT$XLZ                DATA
 0002:00000714 00000004H .CRT$XPA                DATA
 0002:00000718 00000004H .CRT$XPZ                DATA
 0002:0000071c 00000004H .CRT$XTA                DATA
 0002:00000720 00000010H .CRT$XTZ                DATA
 0002:00000724 00000000H .gfids$y                DATA
 0002:00000730 00007e28H .rdata                  DATA
 0002:00008558 00000018H .rdata$T                DATA
 0002:00008570 000024a8H .rdata$r                DATA
 0002:0000aa18 000003ccH .rdata$zzzdbg           DATA
 0002:0000ade4 00000004H .rtc$IAA                DATA
 0002:0000ade8 00000004H .rtc$IZZ                DATA
 0002:0000adec 00000004H .rtc$TAA                DATA
 0002:0000adf0 00000004H .rtc$TZZ                DATA
 0002:0000adf4 00000004H .tls                    DATA
 0002:0000adf8 00000004H .tls$                   DATA
 0002:0000adfc 00000004H .tls$ZZZ                DATA
 0002:0000ae00 000022c8H .xdata$x                DATA
 0002:0000d0c8 00000000H .edata                  DATA
 0002:0000d0c8 000001b8H .idata$2                DATA
 0002:0000d280 00000014H .idata$3                DATA
 0002:0000d294 000006b4H .idata$4                DATA
 0002:0000d948 0000245cH .idata$6                DATA
 0003:00000000 00001f98H .data                   DATA
 0003:00001f98 00000e68H .data$r                 DATA
 0003:00002e00 000055e0H .bss                    DATA
 0004:00000000 00000060H .rsrc$01                DATA
 0004:00000060 00000180H .rsrc$02                DATA

  Address         Publics by Value              Rva+Base       Lib:Object

 0000:00000000       ___guard_longjmp_table     00000000     <absolute>
 0000:00000000       ___safe_se_handler_count   00000000     <absolute>
 0000:00000000       ___guard_fids_table        00000000     <absolute>
 0000:00000000       ___volatile_metadata       00000000     <absolute>
 0000:00000000       ___guard_iat_count         00000000     <absolute>
 0000:00000000       ___safe_se_handler_table   00000000     <absolute>
 0000:00000000       ___guard_eh_cont_count     00000000     <absolute>
 0000:00000000       ___hybrid_code_map         00000000     <absolute>
 0000:00000000       ___guard_fids_count        00000000     <absolute>
 0000:00000000       ___guard_longjmp_count     00000000     <absolute>
 0000:00000000       ___guard_iat_table         00000000     <absolute>
 0000:00000000       ___guard_eh_cont_table     00000000     <absolute>
 0000:00000000       ___enclave_config          00000000     <absolute>
 0000:00000000       ___AbsoluteZero            00000000     <absolute>
 0000:00000000       ___hybrid_code_map_count   00000000     <absolute>
 0000:00000000       ___hybrid_auxiliary_iat    00000000     <absolute>
 0000:00000000       ___dynamic_value_reloc_table 00000000     <absolute>
 0000:0000002c       __tls_array                0000002c     <absolute>
 0000:00000100       ___guard_flags             00000100     <absolute>
 0000:00000000       ___ImageBase               00400000     <linker-defined>
 0001:000001e0       ?GetOption@@YAHHPAPADPAD0@Z 004011e0 f   getopt.obj
 0001:000002c0       ?getopt@@YAHHPAPADPAD@Z    004012c0 f   getopt.obj
 0001:000003b0       ??_H@YGXPAXIIP6EPAX0@Z@Z   004013b0 f i main.obj
 0001:000003e0       ?processArgs@@YA_NHPAPAD@Z 004013e0 f   main.obj
 0001:000004d0       ?usage@@YAXXZ              004014d0 f   main.obj
 0001:000004f0       ___local_stdio_printf_options 004014f0 f i main.obj
 0001:00000500       _fprintf                   00401500 f i main.obj
 0001:00000530       _main                      00401530 f   main.obj
 0001:00000ad0       ??$_Allocate@$07U_Default_allocate_traits@std@@$0A@@std@@YAPAXI@Z 00401ad0 f i RayTracer.obj
 0001:00000b20       ??$_Allocate_manually_vector_aligned@U_Default_allocate_traits@std@@@std@@YAPAXI@Z 00401b20 f i RayTracer.obj
 0001:00000b60       ??$_Construct_in_place@PADABQAD@std@@YAXAAPADABQAD@Z 00401b60 f i RayTracer.obj
 0001:00000b70       ??$_Construct_in_place@U_Container_proxy@std@@PAU_Container_base12@2@@std@@YAXAAU_Container_proxy@0@$$QAPAU_Container_base12@0@@Z 00401b70 f i RayTracer.obj
 0001:00000b90       ??$_Copy_memmove@PAPAPBVSceneObject@@PAPAPBV1@@std@@YAPAPAPBVSceneObject@@PAPAPBV1@00@Z 00401b90 f i RayTracer.obj
 0001:00000bc0       ??$_Deallocate@$07$0A@@std@@YAXPAXI@Z 00401bc0 f i RayTracer.obj
 0001:00000c00       ??$_Deallocate_plain@V?$allocator@U_Container_proxy@std@@@std@@@std@@YAXAAV?$allocator@U_Container_proxy@std@@@0@QAU_Container_proxy@0@@Z 00401c00 f i RayTracer.obj
 0001:00000c20       ??$_Delete_plain_internal@V?$allocator@U_Container_proxy@std@@@std@@@std@@YAXAAV?$allocator@U_Container_proxy@std@@@0@QAU_Container_proxy@0@@Z 00401c20 f i RayTracer.obj
 0001:00000c40       ??$_Destroy_in_place@PAD@std@@YAXAAPAD@Z 00401c40 f i RayTracer.obj
 0001:00000c50       ??$_Destroy_in_place@PAPBVSceneObject@@@std@@YAXAAPAPBVSceneObject@@@Z 00401c50 f i RayTracer.obj
 0001:00000c60       ??$_Destroy_range@PAPAPBVSceneObject@@@std@@YAXPAPAPBVSceneObject@@QAPAPBV1@@Z 00401c60 f i RayTracer.obj
 0001:00000c70       ??$_Idl_distance@PAPAPBVSceneObject@@PAPAPBV1@@std@@YAHABQAPAPBVSceneObject@@0@Z 00401c70 f i RayTracer.obj
 0001:00000c90       ??$_Pocca@V?$allocator@PBVSceneObject@@@std@@@std@@YAXAAV?$allocator@PBVSceneObject@@@0@ABV10@@Z 00401c90 f i RayTracer.obj
 0001:00000ca0       ??$_Uninitialized_value_construct_n_unchecked1@PAPAPBVSceneObject@@I@std@@YAPAPAPBVSceneObject@@PAPAPBV1@I@Z 00401ca0 f i RayTracer.obj
 0001:00000cd0       ??$_Zero_range@PAPAPBVSceneObject@@@std@@YAPAPAPBVSceneObject@@QAPAPBV1@0@Z 00401cd0 f i RayTracer.obj
 0001:00000cf0       ??$assign@V?$_Deque_unchecked_const_iterator@V?$_Deque_val@U?$_Deque_simple_types@PBVSceneObject@@@std@@@std@@@std@@$0A@@?$deque@PBVSceneObject@@V?$allocator@PBVSceneObject@@@std@@@std@@QAEXV?$_Deque_unchecked_const_iterator@V?$_Deque_val@U?$_Deque_simple_types@PBVSceneObject@@@std@@@std@@@1@0@Z 00401cf0 f i RayTracer.obj
 0001:00000e60       ??$exchange@PAU_Container_proxy@std@@$$T@std@@YAPAU_Container_proxy@0@AAPAU10@$$QA$$T@Z 00401e60 f i RayTracer.obj
 0001:00000e80       ??$uninitialized_copy@PAPAPBVSceneObject@@PAPAPBV1@@std@@YAPAPAPBVSceneObject@@QAPAPBV1@0PAPAPBV1@@Z 00401e80 f i RayTracer.obj
 0001:00000eb0       ??0RayData@RayTracer@@QAE@XZ 00401eb0 f i RayTracer.obj
 0001:00000f60       ??0RayTracer@@QAE@XZ       00401f60 f   RayTracer.obj
 0001:00000f90       ??0bad_alloc@std@@QAE@ABV01@@Z 00401f90 f i RayTracer.obj
 0001:00000fd0       ??0bad_array_new_length@std@@QAE@ABV01@@Z 00401fd0 f i RayTracer.obj
 0001:00001010       ??0bad_array_new_length@std@@QAE@XZ 00402010 f i RayTracer.obj
 0001:00001030       ??0exception@std@@QAE@ABV01@@Z 00402030 f i RayTracer.obj
 0001:00001060       ??0vec2f@@QAE@XZ           00402060 f i RayTracer.obj
 0001:00001070       ??0vec3f@@QAE@XZ           00402070 f i RayTracer.obj
 0001:00001080       ??1?$_Container_proxy_ptr12@V?$allocator@U_Container_proxy@std@@@std@@@std@@QAE@XZ 00402080 f i RayTracer.obj
 0001:000010a0       ??1?$_Tidy_guard@V?$deque@PBVSceneObject@@V?$allocator@PBVSceneObject@@@std@@@std@@@std@@QAE@XZ 004020a0 f i RayTracer.obj
 0001:000010b0       ??1?$basic_string@DU?$char_traits@D@std@@V?$allocator@D@2@@std@@QAE@XZ 004020b0 f i RayTracer.obj
 0001:00001100       ??1?$stack@PBVSceneObject@@V?$deque@PBVSceneObject@@V?$allocator@PBVSceneObject@@@std@@@std@@@std@@QAE@XZ 00402100 f i RayTracer.obj
 0001:00001120       ??1ParseError@@QAE@XZ      00402120 f i RayTracer.obj
 0001:00001170       ??1RayData@RayTracer@@QAE@XZ 00402170 f i RayTracer.obj
 0001:00001190       ??1RayTracer@@QAE@XZ       00402190 f   RayTracer.obj
 0001:000011b0       ??1bad_array_new_length@std@@UAE@XZ 004021b0 f i RayTracer.obj
 0001:000011d0       ??1exception@std@@UAE@XZ   004021d0 f i RayTracer.obj
 0001:000011f0       ??1isect@@QAE@XZ           004021f0 f i RayTracer.obj
 0001:00001210       ??_Gbad_alloc@std@@UAEPAXI@Z 00402210 f i RayTracer.obj
 0001:00001210       ??_Ebad_alloc@std@@UAEPAXI@Z 00402210 f i RayTracer.obj
 0001:00001240       ??_Gbad_array_new_length@std@@UAEPAXI@Z 00402240 f i RayTracer.obj
 0001:00001240       ??_Ebad_array_new_length@std@@UAEPAXI@Z 00402240 f i RayTracer.obj
 0001:00001270       ??_Eexception@std@@UAEPAXI@Z 00402270 f i RayTracer.obj
 0001:00001270       ??_Gexception@std@@UAEPAXI@Z 00402270 f i RayTracer.obj
 0001:000018c0       ?_Growmap@?$deque@PBVSceneObject@@V?$allocator@PBVSceneObject@@@std@@@std@@AAEXI@Z 004028c0 f i RayTracer.obj
 0001:00001a60       ?_Throw_bad_array_new_length@std@@YAXXZ 00402a60 f i RayTracer.obj
 0001:00001a80       ?_Tidy@?$deque@PBVSceneObject@@V?$allocator@PBVSceneObject@@@std@@@std@@AAEXXZ 00402a80 f i RayTracer.obj
 0001:00001b10       ?_Xlen@?$basic_string@DU?$char_traits@D@std@@V?$allocator@D@2@@std@@CAXXZ 00402b10 f i RayTracer.obj
 0001:00001b20       ?_Xlen@?$deque@PBVSceneObject@@V?$allocator@PBVSceneObject@@@std@@@std@@ABEXXZ 00402b20 f i RayTracer.obj
 0001:00001b30       ?allocate@?$allocator@D@std@@QAEPADI@Z 00402b30 f i RayTracer.obj
 0001:00001b90       ?aspectRatio@RayTracer@@QAENXZ 00402b90 f   RayTracer.obj
 0001:00001bd0       ?assign@?$basic_string@DU?$char_traits@D@std@@V?$allocator@D@2@@std@@QAEAAV12@QBDI@Z 00402bd0 f i RayTracer.obj
 0001:00001cc0       ?getBuffer@RayTracer@@QAEXAAPAEAAH1@Z 00402cc0 f   RayTracer.obj
 0001:00001ce0       ?loadScene@RayTracer@@QAE_NPAD@Z 00402ce0 f   RayTracer.obj
 0001:00001e40       ?push@?$stack@PBVSceneObject@@V?$deque@PBVSceneObject@@V?$allocator@PBVSceneObject@@@std@@@std@@@std@@QAEXABQBVSceneObject@@@Z 00402e40 f i RayTracer.obj
 0001:00001ed0       ?sceneLoaded@RayTracer@@QAE_NXZ 00402ed0 f   RayTracer.obj
 0001:00001ee0       ?top@?$stack@PBVSceneObject@@V?$deque@PBVSceneObject@@V?$allocator@PBVSceneObject@@@std@@@std@@@std@@QBEABQBVSceneObject@@XZ 00402ee0 f i RayTracer.obj
 0001:00001f10       ?trace@RayTracer@@QAE?AVvec3f@@PAVScene@@NN@Z 00402f10 f   RayTracer.obj
 0001:00002130       ?traceLightSource@RayTracer@@IAE?AVvec3f@@PBVRayData@1@@Z 00403130 f   RayTracer.obj
 0001:000026a0       ?traceLines@RayTracer@@QAEXHH@Z 004036a0 f   RayTracer.obj
 0001:00002a50       ?tracePixel@RayTracer@@QAEXHH@Z 00403a50 f   RayTracer.obj
 0001:00002dd0       ?traceRay@RayTracer@@QAE?AVvec3f@@PAVRayData@1@@Z 00403dd0 f   RayTracer.obj
 0001:00002f90       ?traceRay@RayTracer@@QAE?AVvec3f@@PAVScene@@ABVray@@ABV2@H@Z 00403f90 f   RayTracer.obj
 0001:00003110       ?traceReflection@RayTracer@@IAE?AVvec3f@@PBVRayData@1@@Z 00404110 f   RayTracer.obj
 0001:00003960       ?traceRefraction@RayTracer@@IAE?AVvec3f@@PBVRayData@1@@Z 00404960 f   RayTracer.obj
 0001:00004760       ?traceSetup@RayTracer@@QAEXHH@Z 00405760 f   RayTracer.obj
 0001:000047c0       ?what@exception@std@@UBEPBDXZ 004057c0 f i RayTracer.obj
 0001:000047d0       ??0TraceGLWindow@@QAE@HHHHPBD@Z 004057d0 f   TraceGLWindow.obj
 0001:00004850       ??_EFl_Gl_Window@@UAEPAXI@Z 00405850 f i TraceGLWindow.obj
 0001:00004850       ??_GFl_Gl_Window@@UAEPAXI@Z 00405850 f i TraceGLWindow.obj
 0001:00004880       ??_ETraceGLWindow@@UAEPAXI@Z 00405880 f i TraceGLWindow.obj
 0001:00004880       ??_GTraceGLWindow@@UAEPAXI@Z 00405880 f i TraceGLWindow.obj
 0001:000048b0       ?as_gl_window@Fl_Gl_Window@@UAEPAV1@XZ 004058b0 f i TraceGLWindow.obj
 0001:000048c0       ?as_group@Fl_Group@@UAEPAV1@XZ 004058c0 f i TraceGLWindow.obj
 0001:000048d0       ?as_window@Fl_Window@@UAEPAV1@XZ 004058d0 f i TraceGLWindow.obj
 0001:000048e0       ?draw@TraceGLWindow@@UAEXXZ 004058e0 f   TraceGLWindow.obj
 0001:000049c0       ?handle@TraceGLWindow@@UAEHH@Z 004059c0 f   TraceGLWindow.obj
 0001:000049d0       ?refresh@TraceGLWindow@@QAEXXZ 004059d0 f   TraceGLWindow.obj
 0001:000049e0       ?resizeWindow@TraceGLWindow@@QAEXHH@Z 004059e0 f   TraceGLWindow.obj
 0001:00004a10       ?saveImage@TraceGLWindow@@QAEXPAD@Z 00405a10 f   TraceGLWindow.obj
 0001:00004a60       ?setRayTracer@TraceGLWindow@@QAEXPAVRayTracer@@@Z 00405a60 f   TraceGLWindow.obj
 0001:00004a70       ?cb_load_scene@TraceUI@@KAXPAVFl_Menu_@@PAX@Z 00405a70 f   TraceUI.obj
 0001:00004b10       ?cb_save_image@TraceUI@@KAXPAVFl_Menu_@@PAX@Z 00405b10 f   TraceUI.obj
 0001:00004b50       ?cb_menu_load_background@TraceUI@@KAXPAVFl_Menu_@@PAX@Z 00405b50 f   TraceUI.obj
 0001:00004b60       ?cb_exit@TraceUI@@KAXPAVFl_Menu_@@PAX@Z 00405b60 f   TraceUI.obj
 0001:00004b90       ?cb_about@TraceUI@@KAXPAVFl_Menu_@@PAX@Z 00405b90 f   TraceUI.obj
 0001:00004ba0       ?cb_choice_super_sampling@TraceUI@@KAXPAVFl_Menu_@@PAX@Z 00405ba0 f   TraceUI.obj
 0001:00004bd0       ??0TraceUI@@QAE@XZ         00405bd0 f   TraceUI.obj
 0001:00005590       ?cb_button_background@TraceUI@@KAXPAVFl_Widget@@PAX@Z 00406590 f   TraceUI.obj
 0001:000055b0       ?cb_button_diffuse@TraceUI@@KAXPAVFl_Widget@@PAX@Z 004065b0 f   TraceUI.obj
 0001:000055d0       ?cb_button_dof@TraceUI@@KAXPAVFl_Widget@@PAX@Z 004065d0 f   TraceUI.obj
 0001:000055f0       ?cb_button_glossy@TraceUI@@KAXPAVFl_Widget@@PAX@Z 004065f0 f   TraceUI.obj
 0001:00005610       ?cb_button_override_ambient@TraceUI@@KAXPAVFl_Widget@@PAX@Z 00406610 f   TraceUI.obj
 0001:00005630       ?cb_button_override_atten@TraceUI@@KAXPAVFl_Widget@@PAX@Z 00406630 f   TraceUI.obj
 0001:00005650       ?cb_button_render@TraceUI@@KAXPAVFl_Widget@@PAX@Z 00406650 f   TraceUI.obj
 0001:00005860       ?cb_button_soft_shadow@TraceUI@@KAXPAVFl_Widget@@PAX@Z 00406860 f   TraceUI.obj
 0001:00005880       ?cb_button_stop@TraceUI@@KAXPAVFl_Widget@@PAX@Z 00406880 f   TraceUI.obj
 0001:00005890       ?cb_exit2@TraceUI@@KAXPAVFl_Widget@@PAX@Z 00406890 f   TraceUI.obj
 0001:000058c0       ?cb_slider_atten_ambient@TraceUI@@KAXPAVFl_Widget@@PAX@Z 004068c0 f   TraceUI.obj
 0001:000058e0       ?cb_slider_atten_constant@TraceUI@@KAXPAVFl_Widget@@PAX@Z 004068e0 f   TraceUI.obj
 0001:00005900       ?cb_slider_atten_linear@TraceUI@@KAXPAVFl_Widget@@PAX@Z 00406900 f   TraceUI.obj
 0001:00005920       ?cb_slider_atten_quadric@TraceUI@@KAXPAVFl_Widget@@PAX@Z 00406920 f   TraceUI.obj
 0001:00005940       ?cb_slider_depth@TraceUI@@KAXPAVFl_Widget@@PAX@Z 00406940 f   TraceUI.obj
 0001:00005960       ?cb_slider_size@TraceUI@@KAXPAVFl_Widget@@PAX@Z 00406960 f   TraceUI.obj
 0001:000059b0       ?cb_slider_sub_pixel@TraceUI@@KAXPAVFl_Widget@@PAX@Z 004069b0 f   TraceUI.obj
 0001:000059d0       ?cb_slider_threshold@TraceUI@@KAXPAVFl_Widget@@PAX@Z 004069d0 f   TraceUI.obj
 0001:000059f0       ?getAmbient@TraceUI@@QAENXZ 004069f0 f   TraceUI.obj
 0001:00005a00       ?getAttenConstant@TraceUI@@QAENXZ 00406a00 f   TraceUI.obj
 0001:00005a10       ?getAttenLinear@TraceUI@@QAENXZ 00406a10 f   TraceUI.obj
 0001:00005a20       ?getAttenQuadric@TraceUI@@QAENXZ 00406a20 f   TraceUI.obj
 0001:00005a30       ?getDepth@TraceUI@@QAEHXZ  00406a30 f   TraceUI.obj
 0001:00005a40       ?getIsBackground@TraceUI@@QAE_NXZ 00406a40 f   TraceUI.obj
 0001:00005a50       ?getIsDOF@TraceUI@@QAE_NXZ 00406a50 f   TraceUI.obj
 0001:00005a60       ?getIsDiffuse@TraceUI@@QAE_NXZ 00406a60 f   TraceUI.obj
 0001:00005a70       ?getIsGlossy@TraceUI@@QAE_NXZ 00406a70 f   TraceUI.obj
 0001:00005a80       ?getIsOverrideAmbient@TraceUI@@QAE_NXZ 00406a80 f   TraceUI.obj
 0001:00005a90       ?getIsOverrideAtten@TraceUI@@QAE_NXZ 00406a90 f   TraceUI.obj
 0001:00005aa0       ?getIsSoftShadow@TraceUI@@QAE_NXZ 00406aa0 f   TraceUI.obj
 0001:00005ab0       ?getSize@TraceUI@@QAEHXZ   00406ab0 f   TraceUI.obj
 0001:00005ac0       ?getSubPixel@TraceUI@@QAEHXZ 00406ac0 f   TraceUI.obj
 0001:00005ad0       ?getSuperSamplingMethod@TraceUI@@QAE?AW4RayTracing_SuperSampling_Method@@XZ 00406ad0 f   TraceUI.obj
 0001:00005ae0       ?getThreshold@TraceUI@@QAENXZ 00406ae0 f   TraceUI.obj
 0001:00005af0       ?setRayTracer@TraceUI@@QAEXPAVRayTracer@@@Z 00406af0 f   TraceUI.obj
 0001:00005b10       ?show@TraceUI@@QAEXXZ      00406b10 f   TraceUI.obj
 0001:00005b20       ?whoami@TraceUI@@KAPAV1@PAVFl_Menu_@@@Z 00406b20 f   TraceUI.obj
 0001:00005b30       _sprintf                   00406b30 f i TraceUI.obj
 0001:00005b70       ?readBMP@@YAPAEPADAAH1@Z   00406b70 f   bitmap.obj
 0001:00005d00       ?writeBMP@@YAXPADHHPAE@Z   00406d00 f   bitmap.obj
 0001:00005e90       ??$?0ABV?$basic_string@DU?$char_traits@D@std@@V?$allocator@D@2@@std@@$$Z$$V@?$pair@$$CBV?$basic_string@DU?$char_traits@D@std@@V?$allocator@D@2@@std@@PAVObj@@@std@@QAE@Upiecewise_construct_t@1@V?$tuple@ABV?$basic_string@DU?$char_traits@D@std@@V?$allocator@D@2@@std@@@1@V?$tuple@$$V@1@@Z 00406e90 f i parse.obj
 0001:00005ec0       ??$?0V?$tuple@ABV?$basic_string@DU?$char_traits@D@std@@V?$allocator@D@2@@std@@@std@@V?$tuple@$$V@1@$0A@$$Z$S@?$pair@$$CBV?$basic_string@DU?$char_traits@D@std@@V?$allocator@D@2@@std@@PAVObj@@@std@@QAE@AAV?$tuple@ABV?$basic_string@DU?$char_traits@D@std@@V?$allocator@D@2@@std@@@1@AAV?$tuple@$$V@1@U?$integer_sequence@I$0A@@1@U?$integer_sequence@I$S@1@@Z 00406ec0 f i parse.obj
 0001:00005ef0       ??$?6DU?$char_traits@D@std@@V?$allocator@D@1@@std@@YAAAV?$basic_ostream@DU?$char_traits@D@std@@@0@AAV10@ABV?$basic_string@DU?$char_traits@D@std@@V?$allocator@D@2@@0@@Z 00406ef0 f i parse.obj
 0001:00005f20       ??$?6U?$char_traits@D@std@@@std@@YAAAV?$basic_ostream@DU?$char_traits@D@std@@@0@AAV10@D@Z 00406f20 f i parse.obj
 0001:000060f0       ??$?6U?$char_traits@D@std@@@std@@YAAAV?$basic_ostream@DU?$char_traits@D@std@@@0@AAV10@PBD@Z 004070f0 f i parse.obj
 0001:000062e0       ??$?8DU?$char_traits@D@std@@V?$allocator@D@1@@std@@YA_NABV?$basic_string@DU?$char_traits@D@std@@V?$allocator@D@2@@0@QBD@Z 004072e0 f i parse.obj
 0001:00006370       ??$?HDU?$char_traits@D@std@@V?$allocator@D@1@@std@@YA?AV?$basic_string@DU?$char_traits@D@std@@V?$allocator@D@2@@0@$$QAV10@0@Z 00407370 f i parse.obj
 0001:000063f0       ??$?HDU?$char_traits@D@std@@V?$allocator@D@1@@std@@YA?AV?$basic_string@DU?$char_traits@D@std@@V?$allocator@D@2@@0@$$QAV10@ABV10@@Z 004073f0 f i parse.obj
 0001:00006450       ??$?MDU?$char_traits@D@std@@V?$allocator@D@1@@std@@YA_NABV?$basic_string@DU?$char_traits@D@std@@V?$allocator@D@2@@0@0@Z 00407450 f i parse.obj
 0001:00006490       ??$_Construct_in_place@PAU?$_Tree_node@U?$pair@$$CBV?$basic_string@DU?$char_traits@D@std@@V?$allocator@D@2@@std@@PAVObj@@@std@@PAX@std@@AAPAU12@@std@@YAXAAPAU?$_Tree_node@U?$pair@$$CBV?$basic_string@DU?$char_traits@D@std@@V?$allocator@D@2@@std@@PAVObj@@@std@@PAX@0@0@Z 00407490 f i parse.obj
 0001:000064a0       ??$_Construct_in_place@PAU?$_Tree_node@U?$pair@$$CBV?$basic_string@DU?$char_traits@D@std@@V?$allocator@D@2@@std@@PAVObj@@@std@@PAX@std@@ABQAU12@@std@@YAXAAPAU?$_Tree_node@U?$pair@$$CBV?$basic_string@DU?$char_traits@D@std@@V?$allocator@D@2@@std@@PAVObj@@@std@@PAX@0@ABQAU10@@Z 004074a0 f i parse.obj
 0001:000064b0       ??$_Copy_memmove@PAPAVObj@@PAPAV1@@std@@YAPAPAVObj@@PAPAV1@00@Z 004074b0 f i parse.obj
 0001:000064e0       ??$_Copy_nodes@U_Copy_tag@?$_Tree@V?$_Tmap_traits@V?$basic_string@DU?$char_traits@D@std@@V?$allocator@D@2@@std@@PAVObj@@U?$less@V?$basic_string@DU?$char_traits@D@std@@V?$allocator@D@2@@std@@@2@V?$allocator@U?$pair@$$CBV?$basic_string@DU?$char_traits@D@std@@V?$allocator@D@2@@std@@PAVObj@@@std@@@2@$0A@@std@@@std@@@?$_Tree@V?$_Tmap_traits@V?$basic_string@DU?$char_traits@D@std@@V?$allocator@D@2@@std@@PAVObj@@U?$less@V?$basic_string@DU?$char_traits@D@std@@V?$allocator@D@2@@std@@@2@V?$allocator@U?$pair@$$CBV?$basic_string@DU?$char_traits@D@std@@V?$allocator@D@2@@std@@PAVObj@@@std@@@2@$0A@@std@@@std@@IAEPAU?$_Tree_node@U?$pair@$$CBV?$basic_string@DU?$char_traits@D@std@@V?$allocator@D@2@@std@@PAVObj@@@std@@PAX@1@PAU21@0U_Copy_tag@01@@Z 004074e0 f i parse.obj
 0001:000065e0       ??$_Destroy_in_place@PAU?$_Tree_node@U?$pair@$$CBV?$basic_string@DU?$char_traits@D@std@@V?$allocator@D@2@@std@@PAVObj@@@std@@PAX@std@@@std@@YAXAAPAU?$_Tree_node@U?$pair@$$CBV?$basic_string@DU?$char_traits@D@std@@V?$allocator@D@2@@std@@PAVObj@@@std@@PAX@0@@Z 004075e0 f i parse.obj
 0001:000065f0       ??$_Destroy_range@V?$allocator@PAVObj@@@std@@@std@@YAXPAPAVObj@@QAPAV1@AAV?$allocator@PAVObj@@@0@@Z 004075f0 f i parse.obj
 0001:00006600       ??$_Emplace_reallocate@PAVObj@@@?$vector@PAVObj@@V?$allocator@PAVObj@@@std@@@std@@QAEPAPAVObj@@QAPAV2@$$QAPAV2@@Z 00407600 f i parse.obj
 0001:00006710       ??$_Erase_tree@V?$allocator@U?$_Tree_node@U?$pair@$$CBV?$basic_string@DU?$char_traits@D@std@@V?$allocator@D@2@@std@@PAVObj@@@std@@PAX@std@@@std@@@?$_Tree_val@U?$_Tree_simple_types@U?$pair@$$CBV?$basic_string@DU?$char_traits@D@std@@V?$allocator@D@2@@std@@PAVObj@@@std@@@std@@@std@@QAEXAAV?$allocator@U?$_Tree_node@U?$pair@$$CBV?$basic_string@DU?$char_traits@D@std@@V?$allocator@D@2@@std@@PAVObj@@@std@@PAX@std@@@1@PAU?$_Tree_node@U?$pair@$$CBV?$basic_string@DU?$char_traits@D@std@@V?$allocator@D@2@@std@@PAVObj@@@std@@PAX@1@@Z 00407710 f i parse.obj
 0001:000067a0       ??$_Erase_tree_and_orphan@V?$allocator@U?$_Tree_node@U?$pair@$$CBV?$basic_string@DU?$char_traits@D@std@@V?$allocator@D@2@@std@@PAVObj@@@std@@PAX@std@@@std@@@?$_Tree_val@U?$_Tree_simple_types@U?$pair@$$CBV?$basic_string@DU?$char_traits@D@std@@V?$allocator@D@2@@std@@PAVObj@@@std@@@std@@@std@@QAEXAAV?$allocator@U?$_Tree_node@U?$pair@$$CBV?$basic_string@DU?$char_traits@D@std@@V?$allocator@D@2@@std@@PAVObj@@@std@@PAX@std@@@1@PAU?$_Tree_node@U?$pair@$$CBV?$basic_string@DU?$char_traits@D@std@@V?$allocator@D@2@@std@@PAVObj@@@std@@PAX@1@@Z 004077a0 f i parse.obj
 0001:00006830       ??$_Insert_string@DU?$char_traits@D@std@@I@std@@YAAAV?$basic_ostream@DU?$char_traits@D@std@@@0@AAV10@QBDI@Z 00407830 f i parse.obj
 0001:000069e0       ??$_Pocma@V?$allocator@D@std@@@std@@YAXAAV?$allocator@D@0@0@Z 004079e0 f i parse.obj
 0001:000069f0       ??$_Traits_compare@U?$char_traits@D@std@@@std@@YAHQBDI0I@Z 004079f0 f i parse.obj
 0001:00006a80       ??$_Uninitialized_copy@PAPAVObj@@V?$allocator@PAVObj@@@std@@@std@@YAPAPAVObj@@QAPAV1@0PAPAV1@AAV?$allocator@PAVObj@@@0@@Z 00407a80 f i parse.obj
 0001:00006ab0       ??$_Uninitialized_move@PAPAVObj@@V?$allocator@PAVObj@@@std@@@std@@YAPAPAVObj@@QAPAV1@0PAPAV1@AAV?$allocator@PAVObj@@@0@@Z 00407ab0 f i parse.obj
 0001:00006ae0       ??$exchange@PAU?$_Tree_node@U?$pair@$$CBV?$basic_string@DU?$char_traits@D@std@@V?$allocator@D@2@@std@@PAVObj@@@std@@PAX@std@@$$T@std@@YAPAU?$_Tree_node@U?$pair@$$CBV?$basic_string@DU?$char_traits@D@std@@V?$allocator@D@2@@std@@PAVObj@@@std@@PAX@0@AAPAU10@$$QA$$T@Z 00407ae0 f i parse.obj
 0001:00006b00       ??$exchange@PAU?$_Tree_node@U?$pair@$$CBV?$basic_string@DU?$char_traits@D@std@@V?$allocator@D@2@@std@@PAVObj@@@std@@PAX@std@@AAPAU12@@std@@YAPAU?$_Tree_node@U?$pair@$$CBV?$basic_string@DU?$char_traits@D@std@@V?$allocator@D@2@@std@@PAVObj@@@std@@PAX@0@AAPAU10@0@Z 00407b00 f i parse.obj
 0001:00006b20       ??0?$basic_string@DU?$char_traits@D@std@@V?$allocator@D@2@@std@@QAE@ABV01@@Z 00407b20 f i parse.obj
 0001:00006bb0       ??0?$basic_string@DU?$char_traits@D@std@@V?$allocator@D@2@@std@@QAE@QBD@Z 00407bb0 f i parse.obj
 0001:00006bf0       ??0Exception@@QAE@ABV0@@Z  00407bf0 f i parse.obj
 0001:00006c10       ??0IdObj@@QAE@ABV?$basic_string@DU?$char_traits@D@std@@V?$allocator@D@2@@std@@@Z 00407c10 f i parse.obj
 0001:00006c70       ??0ObjTypeMismatch@@QAE@ABV0@@Z 00407c70 f i parse.obj
 0001:00006c90       ??0ObjTypeMismatch@@QAE@V?$basic_string@DU?$char_traits@D@std@@V?$allocator@D@2@@std@@0@Z 00407c90 f i parse.obj
 0001:000070e0       ??0ParseError@@QAE@ABV0@@Z 004080e0 f i parse.obj
 0001:00007100       ??0ParseError@@QAE@ABV?$basic_string@DU?$char_traits@D@std@@V?$allocator@D@2@@std@@@Z 00408100 f i parse.obj
 0001:00007120       ??0sentry@?$basic_ostream@DU?$char_traits@D@std@@@std@@QAE@AAV12@@Z 00408120 f i parse.obj
 0001:000071c0       ??1?$_Alloc_construct_ptr@V?$allocator@U?$_Tree_node@U?$pair@$$CBV?$basic_string@DU?$char_traits@D@std@@V?$allocator@D@2@@std@@PAVObj@@@std@@PAX@std@@@std@@@std@@QAE@XZ 004081c0 f i parse.obj
 0001:000071e0       ??1?$_Tree_head_scoped_ptr@V?$allocator@U?$_Tree_node@U?$pair@$$CBV?$basic_string@DU?$char_traits@D@std@@V?$allocator@D@2@@std@@PAVObj@@@std@@PAX@std@@@std@@V?$_Tree_val@U?$_Tree_simple_types@U?$pair@$$CBV?$basic_string@DU?$char_traits@D@std@@V?$allocator@D@2@@std@@PAVObj@@@std@@@std@@@2@@std@@QAE@XZ 004081e0 f i parse.obj
 0001:00007210       ??1?$_Tree_temp_node_alloc@V?$allocator@U?$_Tree_node@U?$pair@$$CBV?$basic_string@DU?$char_traits@D@std@@V?$allocator@D@2@@std@@PAVObj@@@std@@PAX@std@@@std@@@std@@QAE@XZ 00408210 f i parse.obj
 0001:00007230       ??1?$map@V?$basic_string@DU?$char_traits@D@std@@V?$allocator@D@2@@std@@PAVObj@@U?$less@V?$basic_string@DU?$char_traits@D@std@@V?$allocator@D@2@@std@@@2@V?$allocator@U?$pair@$$CBV?$basic_string@DU?$char_traits@D@std@@V?$allocator@D@2@@std@@PAVObj@@@std@@@2@@std@@QAE@XZ 00408230 f i parse.obj
 0001:00007250       ??1?$vector@PAVObj@@V?$allocator@PAVObj@@@std@@@std@@QAE@XZ 00408250 f i parse.obj
 0001:000072b0       ??1BooleanObj@@UAE@XZ      004082b0 f i parse.obj
 0001:000072c0       ??1DictObj@@UAE@XZ         004082c0 f i parse.obj
 0001:00007330       ??1IdObj@@UAE@XZ           00408330 f i parse.obj
 0001:00007390       ??1NamedObj@@UAE@XZ        00408390 f i parse.obj
 0001:00007400       ??1Obj@@UAE@XZ             00408400 f i parse.obj
 0001:00007410       ??1ObjTypeMismatch@@QAE@XZ 00408410 f i parse.obj
 0001:00007460       ??1ScalarObj@@UAE@XZ       00408460 f i parse.obj
 0001:00007470       ??1StringObj@@UAE@XZ       00408470 f i parse.obj
 0001:000074d0       ??1TupleObj@@UAE@XZ        004084d0 f i parse.obj
 0001:00007550       ??1_Sentry_base@?$basic_ostream@DU?$char_traits@D@std@@@std@@QAE@XZ 00408550 f i parse.obj
 0001:000075a0       ??1sentry@?$basic_ostream@DU?$char_traits@D@std@@@std@@QAE@XZ 004085a0 f i parse.obj
 0001:00007610       ??E?$_Tree_const_iterator@V?$_Tree_val@U?$_Tree_simple_types@U?$pair@$$CBV?$basic_string@DU?$char_traits@D@std@@V?$allocator@D@2@@std@@PAVObj@@@std@@@std@@@std@@@std@@QAEAAV01@XZ 00408610 f i parse.obj
 0001:00007670       ??_EBooleanObj@@UAEPAXI@Z  00408670 f i parse.obj
 0001:00007670       ??_GBooleanObj@@UAEPAXI@Z  00408670 f i parse.obj
 0001:000076a0       ??_GDictObj@@UAEPAXI@Z     004086a0 f i parse.obj
 0001:000076a0       ??_EDictObj@@UAEPAXI@Z     004086a0 f i parse.obj
 0001:00007720       ??_EIdObj@@UAEPAXI@Z       00408720 f i parse.obj
 0001:00007720       ??_GIdObj@@UAEPAXI@Z       00408720 f i parse.obj
 0001:000077a0       ??_GNamedObj@@UAEPAXI@Z    004087a0 f i parse.obj
 0001:000077a0       ??_ENamedObj@@UAEPAXI@Z    004087a0 f i parse.obj
 0001:00007820       ??_EObj@@UAEPAXI@Z         00408820 f i parse.obj
 0001:00007820       ??_GObj@@UAEPAXI@Z         00408820 f i parse.obj
 0001:00007850       ??_EScalarObj@@UAEPAXI@Z   00408850 f i parse.obj
 0001:00007850       ??_GScalarObj@@UAEPAXI@Z   00408850 f i parse.obj
 0001:00007880       ??_EStringObj@@UAEPAXI@Z   00408880 f i parse.obj
 0001:00007880       ??_GStringObj@@UAEPAXI@Z   00408880 f i parse.obj
 0001:00007900       ??_GTupleObj@@UAEPAXI@Z    00408900 f i parse.obj
 0001:00007900       ??_ETupleObj@@UAEPAXI@Z    00408900 f i parse.obj
 0001:000079a0       ?_Getal@?$_Tree@V?$_Tmap_traits@V?$basic_string@DU?$char_traits@D@std@@V?$allocator@D@2@@std@@PAVObj@@U?$less@V?$basic_string@DU?$char_traits@D@std@@V?$allocator@D@2@@std@@@2@V?$allocator@U?$pair@$$CBV?$basic_string@DU?$char_traits@D@std@@V?$allocator@D@2@@std@@PAVObj@@@std@@@2@$0A@@std@@@std@@IAEAAV?$allocator@U?$_Tree_node@U?$pair@$$CBV?$basic_string@DU?$char_traits@D@std@@V?$allocator@D@2@@std@@PAVObj@@@std@@PAX@std@@@2@XZ 004089a0 f i parse.obj
 0001:000079b0       ?_Insert_node@?$_Tree_val@U?$_Tree_simple_types@U?$pair@$$CBV?$basic_string@DU?$char_traits@D@std@@V?$allocator@D@2@@std@@PAVObj@@@std@@@std@@@std@@QAEPAU?$_Tree_node@U?$pair@$$CBV?$basic_string@DU?$char_traits@D@std@@V?$allocator@D@2@@std@@PAVObj@@@std@@PAX@2@U?$_Tree_id@PAU?$_Tree_node@U?$pair@$$CBV?$basic_string@DU?$char_traits@D@std@@V?$allocator@D@2@@std@@PAVObj@@@std@@PAX@std@@@2@QAU32@@Z 004089b0 f i parse.obj
 0001:00007bc0       ?_Throw_tree_length_error@std@@YAXXZ 00408bc0 f i parse.obj
 0001:00007bd0       ?_Xlength@?$vector@PAVObj@@V?$allocator@PAVObj@@@std@@@std@@CAXXZ 00408bd0 f i parse.obj
 0001:00007be0       ?_Xran@?$_String_val@U?$_Simple_types@D@std@@@std@@SAXXZ 00408be0 f i parse.obj
 0001:00007bf0       ?allocate@?$allocator@PAVObj@@@std@@QAEPAPAVObj@@I@Z 00408bf0 f i parse.obj
 0001:00007c50       ?append@?$basic_string@DU?$char_traits@D@std@@V?$allocator@D@2@@std@@QAEAAV12@QBDI@Z 00408c50 f i parse.obj
 0001:00007f80       ?getBoolean@BooleanObj@@UBE_NXZ 00408f80 f i parse.obj
 0001:00007f90       ?getBoolean@Obj@@UBE_NXZ   00408f90 f i parse.obj
 0001:00008000       ?getChild@NamedObj@@UBEPAVObj@@XZ 00409000 f i parse.obj
 0001:00008010       ?getChild@Obj@@UBEPAV1@XZ  00409010 f i parse.obj
 0001:00008080       ?getDict@DictObj@@UBEABV?$map@V?$basic_string@DU?$char_traits@D@std@@V?$allocator@D@2@@std@@PAVObj@@U?$less@V?$basic_string@DU?$char_traits@D@std@@V?$allocator@D@2@@std@@@2@V?$allocator@U?$pair@$$CBV?$basic_string@DU?$char_traits@D@std@@V?$allocator@D@2@@std@@PAVObj@@@std@@@2@@std@@XZ 00409080 f i parse.obj
 0001:00008090       ?getDict@Obj@@UBEABV?$map@V?$basic_string@DU?$char_traits@D@std@@V?$allocator@D@2@@std@@PAVObj@@U?$less@V?$basic_string@DU?$char_traits@D@std@@V?$allocator@D@2@@std@@@2@V?$allocator@U?$pair@$$CBV?$basic_string@DU?$char_traits@D@std@@V?$allocator@D@2@@std@@PAVObj@@@std@@@2@@std@@XZ 00409090 f i parse.obj
 0001:00008100       ?getID@IdObj@@UBE?AV?$basic_string@DU?$char_traits@D@std@@V?$allocator@D@2@@std@@XZ 00409100 f i parse.obj
 0001:00008120       ?getID@Obj@@UBE?AV?$basic_string@DU?$char_traits@D@std@@V?$allocator@D@2@@std@@XZ 00409120 f i parse.obj
 0001:00008190       ?getName@NamedObj@@UBE?AV?$basic_string@DU?$char_traits@D@std@@V?$allocator@D@2@@std@@XZ 00409190 f i parse.obj
 0001:000081b0       ?getName@Obj@@UBE?AV?$basic_string@DU?$char_traits@D@std@@V?$allocator@D@2@@std@@XZ 004091b0 f i parse.obj
 0001:00008220       ?getScalar@Obj@@UBENXZ     00409220 f i parse.obj
 0001:00008290       ?getScalar@ScalarObj@@UBENXZ 00409290 f i parse.obj
 0001:000082a0       ?getString@Obj@@UBE?AV?$basic_string@DU?$char_traits@D@std@@V?$allocator@D@2@@std@@XZ 004092a0 f i parse.obj
 0001:00008310       ?getString@StringObj@@UBE?AV?$basic_string@DU?$char_traits@D@std@@V?$allocator@D@2@@std@@XZ 00409310 f i parse.obj
 0001:00008330       ?getTuple@Obj@@UBEABV?$vector@PAVObj@@V?$allocator@PAVObj@@@std@@@std@@XZ 00409330 f i parse.obj
 0001:000083a0       ?getTuple@TupleObj@@UBEABV?$vector@PAVObj@@V?$allocator@PAVObj@@@std@@@std@@XZ 004093a0 f i parse.obj
 0001:000083b0       ?getTypeName@BooleanObj@@UBE?AV?$basic_string@DU?$char_traits@D@std@@V?$allocator@D@2@@std@@XZ 004093b0 f i parse.obj
 0001:000083e0       ?getTypeName@DictObj@@UBE?AV?$basic_string@DU?$char_traits@D@std@@V?$allocator@D@2@@std@@XZ 004093e0 f i parse.obj
 0001:00008410       ?getTypeName@IdObj@@UBE?AV?$basic_string@DU?$char_traits@D@std@@V?$allocator@D@2@@std@@XZ 00409410 f i parse.obj
 0001:00008440       ?getTypeName@NamedObj@@UBE?AV?$basic_string@DU?$char_traits@D@std@@V?$allocator@D@2@@std@@XZ 00409440 f i parse.obj
 0001:00008480       ?getTypeName@Obj@@UBE?AV?$basic_string@DU?$char_traits@D@std@@V?$allocator@D@2@@std@@XZ 00409480 f i parse.obj
 0001:000084c0       ?getTypeName@ScalarObj@@UBE?AV?$basic_string@DU?$char_traits@D@std@@V?$allocator@D@2@@std@@XZ 004094c0 f i parse.obj
 0001:00008500       ?getTypeName@StringObj@@UBE?AV?$basic_string@DU?$char_traits@D@std@@V?$allocator@D@2@@std@@XZ 00409500 f i parse.obj
 0001:00008540       ?getTypeName@TupleObj@@UBE?AV?$basic_string@DU?$char_traits@D@std@@V?$allocator@D@2@@std@@XZ 00409540 f i parse.obj
 0001:00008580       ?insert@?$basic_string@DU?$char_traits@D@std@@V?$allocator@D@2@@std@@QAEAAV12@IQBDI@Z 00409580 f i parse.obj
 0001:00008770       ?printOn@BooleanObj@@UBEXAAV?$basic_ostream@DU?$char_traits@D@std@@@std@@@Z 00409770 f i parse.obj
 0001:000087a0       ?printOn@DictObj@@UBEXAAV?$basic_ostream@DU?$char_traits@D@std@@@std@@@Z 004097a0 f i parse.obj
 0001:00008880       ?printOn@IdObj@@UBEXAAV?$basic_ostream@DU?$char_traits@D@std@@@std@@@Z 00409880 f i parse.obj
 0001:000088b0       ?printOn@NamedObj@@UBEXAAV?$basic_ostream@DU?$char_traits@D@std@@@std@@@Z 004098b0 f i parse.obj
 0001:000088f0       ?printOn@Obj@@UBEXAAV?$basic_ostream@DU?$char_traits@D@std@@@std@@@Z 004098f0 f i parse.obj
 0001:00008900       ?printOn@ScalarObj@@UBEXAAV?$basic_ostream@DU?$char_traits@D@std@@@std@@@Z 00409900 f i parse.obj
 0001:00008920       ?printOn@StringObj@@UBEXAAV?$basic_ostream@DU?$char_traits@D@std@@@std@@@Z 00409920 f i parse.obj
 0001:00008960       ?printOn@TupleObj@@UBEXAAV?$basic_ostream@DU?$char_traits@D@std@@@std@@@Z 00409960 f i parse.obj
 0001:00008e60       ?readFile@@YAPAVObj@@AAV?$basic_istream@DU?$char_traits@D@std@@@std@@@Z 00409e60 f   parse.obj
 0001:00009b10       ??$?0ABV?$basic_string@DU?$char_traits@D@std@@V?$allocator@D@2@@std@@$$Z$$V@?$pair@$$CBV?$basic_string@DU?$char_traits@D@std@@V?$allocator@D@2@@std@@PAVMaterial@@@std@@QAE@Upiecewise_construct_t@1@V?$tuple@ABV?$basic_string@DU?$char_traits@D@std@@V?$allocator@D@2@@std@@@1@V?$tuple@$$V@1@@Z 0040ab10 f i read.obj
 0001:00009b40       ??$?0V?$tuple@ABV?$basic_string@DU?$char_traits@D@std@@V?$allocator@D@2@@std@@@std@@V?$tuple@$$V@1@$0A@$$Z$S@?$pair@$$CBV?$basic_string@DU?$char_traits@D@std@@V?$allocator@D@2@@std@@PAVMaterial@@@std@@QAE@AAV?$tuple@ABV?$basic_string@DU?$char_traits@D@std@@V?$allocator@D@2@@std@@@1@AAV?$tuple@$$V@1@U?$integer_sequence@I$0A@@1@U?$integer_sequence@I$S@1@@Z 0040ab40 f i read.obj
 0001:00009b70       ??$?HDU?$char_traits@D@std@@V?$allocator@D@1@@std@@YA?AV?$basic_string@DU?$char_traits@D@std@@V?$allocator@D@2@@0@$$QAV10@QBD@Z 0040ab70 f i read.obj
 0001:00009bd0       ??$_Construct_in_place@PAU?$_List_node@PAVAmbientLight@@PAX@std@@AAPAU12@@std@@YAXAAPAU?$_List_node@PAVAmbientLight@@PAX@0@0@Z 0040abd0 f i read.obj
 0001:00009be0       ??$_Construct_in_place@PAU?$_List_node@PAVAmbientLight@@PAX@std@@ABQAU12@@std@@YAXAAPAU?$_List_node@PAVAmbientLight@@PAX@0@ABQAU10@@Z 0040abe0 f i read.obj
 0001:00009bf0       ??$_Construct_in_place@PAU?$_List_node@PAVGeometry@@PAX@std@@AAPAU12@@std@@YAXAAPAU?$_List_node@PAVGeometry@@PAX@0@0@Z 0040abf0 f i read.obj
 0001:00009c00       ??$_Construct_in_place@PAU?$_List_node@PAVGeometry@@PAX@std@@ABQAU12@@std@@YAXAAPAU?$_List_node@PAVGeometry@@PAX@0@ABQAU10@@Z 0040ac00 f i read.obj
 0001:00009c10       ??$_Construct_in_place@PAU?$_List_node@PAVLight@@PAX@std@@AAPAU12@@std@@YAXAAPAU?$_List_node@PAVLight@@PAX@0@0@Z 0040ac10 f i read.obj
 0001:00009c20       ??$_Construct_in_place@PAU?$_List_node@PAVLight@@PAX@std@@ABQAU12@@std@@YAXAAPAU?$_List_node@PAVLight@@PAX@0@ABQAU10@@Z 0040ac20 f i read.obj
 0001:00009c30       ??$_Construct_in_place@PAU?$_List_node@PAVTransformNode@@PAX@std@@AAPAU12@@std@@YAXAAPAU?$_List_node@PAVTransformNode@@PAX@0@0@Z 0040ac30 f i read.obj
 0001:00009c40       ??$_Construct_in_place@PAU?$_List_node@PAVTransformNode@@PAX@std@@ABQAU12@@std@@YAXAAPAU?$_List_node@PAVTransformNode@@PAX@0@ABQAU10@@Z 0040ac40 f i read.obj
 0001:00009c50       ??$_Construct_in_place@PAU?$_Tree_node@U?$pair@$$CBV?$basic_string@DU?$char_traits@D@std@@V?$allocator@D@2@@std@@PAVMaterial@@@std@@PAX@std@@AAPAU12@@std@@YAXAAPAU?$_Tree_node@U?$pair@$$CBV?$basic_string@DU?$char_traits@D@std@@V?$allocator@D@2@@std@@PAVMaterial@@@std@@PAX@0@0@Z 0040ac50 f i read.obj
 0001:00009c60       ??$_Construct_in_place@PAU?$_Tree_node@U?$pair@$$CBV?$basic_string@DU?$char_traits@D@std@@V?$allocator@D@2@@std@@PAVMaterial@@@std@@PAX@std@@ABQAU12@@std@@YAXAAPAU?$_Tree_node@U?$pair@$$CBV?$basic_string@DU?$char_traits@D@std@@V?$allocator@D@2@@std@@PAVMaterial@@@std@@PAX@0@ABQAU10@@Z 0040ac60 f i read.obj
 0001:00009c70       ??$_Destroy_in_place@PAU?$_List_node@PAVAmbientLight@@PAX@std@@@std@@YAXAAPAU?$_List_node@PAVAmbientLight@@PAX@0@@Z 0040ac70 f i read.obj
 0001:00009c80       ??$_Destroy_in_place@PAU?$_List_node@PAVGeometry@@PAX@std@@@std@@YAXAAPAU?$_List_node@PAVGeometry@@PAX@0@@Z 0040ac80 f i read.obj
 0001:00009c90       ??$_Destroy_in_place@PAU?$_List_node@PAVLight@@PAX@std@@@std@@YAXAAPAU?$_List_node@PAVLight@@PAX@0@@Z 0040ac90 f i read.obj
 0001:00009ca0       ??$_Destroy_in_place@PAU?$_List_node@PAVTransformNode@@PAX@std@@@std@@YAXAAPAU?$_List_node@PAVTransformNode@@PAX@0@@Z 0040aca0 f i read.obj
 0001:00009cb0       ??$_Destroy_in_place@PAU?$_Tree_node@U?$pair@$$CBV?$basic_string@DU?$char_traits@D@std@@V?$allocator@D@2@@std@@PAVMaterial@@@std@@PAX@std@@@std@@YAXAAPAU?$_Tree_node@U?$pair@$$CBV?$basic_string@DU?$char_traits@D@std@@V?$allocator@D@2@@std@@PAVMaterial@@@std@@PAX@0@@Z 0040acb0 f i read.obj
 0001:00009cc0       ??$_Destroy_range@V?$allocator@PAVMaterial@@@std@@@std@@YAXPAPAVMaterial@@QAPAV1@AAV?$allocator@PAVMaterial@@@0@@Z 0040acc0 f i read.obj
 0001:00009cd0       ??$_Destroy_range@V?$allocator@PAVTrimeshFace@@@std@@@std@@YAXPAPAVTrimeshFace@@QAPAV1@AAV?$allocator@PAVTrimeshFace@@@0@@Z 0040acd0 f i read.obj
 0001:00009ce0       ??$_Destroy_range@V?$allocator@Vvec3f@@@std@@@std@@YAXPAVvec3f@@QAV1@AAV?$allocator@Vvec3f@@@0@@Z 0040ace0 f i read.obj
 0001:00009cf0       ??$_Erase_tree@V?$allocator@U?$_Tree_node@U?$pair@$$CBV?$basic_string@DU?$char_traits@D@std@@V?$allocator@D@2@@std@@PAVMaterial@@@std@@PAX@std@@@std@@@?$_Tree_val@U?$_Tree_simple_types@U?$pair@$$CBV?$basic_string@DU?$char_traits@D@std@@V?$allocator@D@2@@std@@PAVMaterial@@@std@@@std@@@std@@QAEXAAV?$allocator@U?$_Tree_node@U?$pair@$$CBV?$basic_string@DU?$char_traits@D@std@@V?$allocator@D@2@@std@@PAVMaterial@@@std@@PAX@std@@@1@PAU?$_Tree_node@U?$pair@$$CBV?$basic_string@DU?$char_traits@D@std@@V?$allocator@D@2@@std@@PAVMaterial@@@std@@PAX@1@@Z 0040acf0 f i read.obj
 0001:00009d80       ??$_Find_lower_bound@V?$basic_string@DU?$char_traits@D@std@@V?$allocator@D@2@@std@@@?$_Tree@V?$_Tmap_traits@V?$basic_string@DU?$char_traits@D@std@@V?$allocator@D@2@@std@@PAVMaterial@@U?$less@V?$basic_string@DU?$char_traits@D@std@@V?$allocator@D@2@@std@@@2@V?$allocator@U?$pair@$$CBV?$basic_string@DU?$char_traits@D@std@@V?$allocator@D@2@@std@@PAVMaterial@@@std@@@2@$0A@@std@@@std@@IBE?AU?$_Tree_find_result@PAU?$_Tree_node@U?$pair@$$CBV?$basic_string@DU?$char_traits@D@std@@V?$allocator@D@2@@std@@PAVMaterial@@@std@@PAX@std@@@1@ABV?$basic_string@DU?$char_traits@D@std@@V?$allocator@D@2@@1@@Z 0040ad80 f i read.obj
 0001:00009e10       ??$_Fputc@D@std@@YA_NDPAU_iobuf@@@Z 0040ae10 f i read.obj
 0001:00009e30       ??$endl@DU?$char_traits@D@std@@@std@@YAAAV?$basic_ostream@DU?$char_traits@D@std@@@0@AAV10@@Z 0040ae30 f i read.obj
 0001:00009e60       ??$ends@DU?$char_traits@D@std@@@std@@YAAAV?$basic_ostream@DU?$char_traits@D@std@@@0@AAV10@@Z 0040ae60 f i read.obj
 0001:00009e80       ??$exchange@PAU?$_Tree_node@U?$pair@$$CBV?$basic_string@DU?$char_traits@D@std@@V?$allocator@D@2@@std@@PAVMaterial@@@std@@PAX@std@@$$T@std@@YAPAU?$_Tree_node@U?$pair@$$CBV?$basic_string@DU?$char_traits@D@std@@V?$allocator@D@2@@std@@PAVMaterial@@@std@@PAX@0@AAPAU10@$$QA$$T@Z 0040ae80 f i read.obj
 0001:00009ea0       ??$exchange@PAU?$_Tree_node@U?$pair@$$CBV?$basic_string@DU?$char_traits@D@std@@V?$allocator@D@2@@std@@PAVMaterial@@@std@@PAX@std@@AAPAU12@@std@@YAPAU?$_Tree_node@U?$pair@$$CBV?$basic_string@DU?$char_traits@D@std@@V?$allocator@D@2@@std@@PAVMaterial@@@std@@PAX@0@AAPAU10@0@Z 0040aea0 f i read.obj
 0001:00009ec0       ??$exchange@PAV_Facet_base@std@@PAV12@@std@@YAPAV_Facet_base@0@AAPAV10@$$QAPAV10@@Z 0040aec0 f i read.obj
 0001:00009ee0       ??$use_facet@V?$codecvt@DDU_Mbstatet@@@std@@@std@@YAABV?$codecvt@DDU_Mbstatet@@@0@ABVlocale@0@@Z 0040aee0 f i read.obj
 0001:00009fd0       ??0?$basic_ifstream@DU?$char_traits@D@std@@@std@@QAE@PBDHH@Z 0040afd0 f i read.obj
 0001:0000a1b0       ??0?$fpos@U_Mbstatet@@@std@@QAE@_J@Z 0040b1b0 f i read.obj
 0001:0000a1e0       ??0Scene@@QAE@XZ           0040b1e0 f i read.obj
 0001:0000a3b0       ??0TransformNode@@IAE@PAV0@ABVmat4f@@@Z 0040b3b0 f i read.obj
 0001:0000a840       ??0bad_cast@std@@QAE@ABV01@@Z 0040b840 f i read.obj
 0001:0000a880       ??0bad_cast@std@@QAE@XZ    0040b880 f i read.obj
 0001:0000a8a0       ??0mat4f@@QAE@ABVvec4f@@000@Z 0040b8a0 f i read.obj
 0001:0000a970       ??0ostrstream@std@@QAE@XZ  0040b970 f i read.obj
 0001:0000aa60       ??0vec4f@@QAE@XZ           0040ba60 f i read.obj
 0001:0000aa70       ??1?$_Alloc_construct_ptr@V?$allocator@U?$_List_node@PAVAmbientLight@@PAX@std@@@std@@@std@@QAE@XZ 0040ba70 f i read.obj
 0001:0000aa90       ??1?$_Alloc_construct_ptr@V?$allocator@U?$_List_node@PAVGeometry@@PAX@std@@@std@@@std@@QAE@XZ 0040ba90 f i read.obj
 0001:0000aab0       ??1?$_Alloc_construct_ptr@V?$allocator@U?$_List_node@PAVLight@@PAX@std@@@std@@@std@@QAE@XZ 0040bab0 f i read.obj
 0001:0000aad0       ??1?$_Alloc_construct_ptr@V?$allocator@U?$_List_node@PAVTransformNode@@PAX@std@@@std@@@std@@QAE@XZ 0040bad0 f i read.obj
 0001:0000aaf0       ??1?$_Alloc_construct_ptr@V?$allocator@U?$_Tree_node@U?$pair@$$CBV?$basic_string@DU?$char_traits@D@std@@V?$allocator@D@2@@std@@PAVMaterial@@@std@@PAX@std@@@std@@@std@@QAE@XZ 0040baf0 f i read.obj
 0001:0000ab10       ??1?$_Tree_temp_node_alloc@V?$allocator@U?$_Tree_node@U?$pair@$$CBV?$basic_string@DU?$char_traits@D@std@@V?$allocator@D@2@@std@@PAVMaterial@@@std@@PAX@std@@@std@@@std@@QAE@XZ 0040bb10 f i read.obj
 0001:0000ab30       ??1?$basic_filebuf@DU?$char_traits@D@std@@@std@@UAE@XZ 0040bb30 f i read.obj
 0001:0000abf0       ??1?$basic_ifstream@DU?$char_traits@D@std@@@std@@UAE@XZ 0040bbf0 f i read.obj
 0001:0000ac20       ??1?$list@PAVAmbientLight@@V?$allocator@PAVAmbientLight@@@std@@@std@@QAE@XZ 0040bc20 f i read.obj
 0001:0000ac60       ??1?$list@PAVGeometry@@V?$allocator@PAVGeometry@@@std@@@std@@QAE@XZ 0040bc60 f i read.obj
 0001:0000aca0       ??1?$list@PAVLight@@V?$allocator@PAVLight@@@std@@@std@@QAE@XZ 0040bca0 f i read.obj
 0001:0000ace0       ??1?$list@PAVTransformNode@@V?$allocator@PAVTransformNode@@@std@@@std@@QAE@XZ 0040bce0 f i read.obj
 0001:0000ad20       ??1?$map@V?$basic_string@DU?$char_traits@D@std@@V?$allocator@D@2@@std@@PAVMaterial@@U?$less@V?$basic_string@DU?$char_traits@D@std@@V?$allocator@D@2@@std@@@2@V?$allocator@U?$pair@$$CBV?$basic_string@DU?$char_traits@D@std@@V?$allocator@D@2@@std@@PAVMaterial@@@std@@@2@@std@@QAE@XZ 0040bd20 f i read.obj
 0001:0000ad40       ??1?$unique_ptr@V_Facet_base@std@@U?$default_delete@V_Facet_base@std@@@2@@std@@QAE@XZ 0040bd40 f i read.obj
 0001:0000ad50       ??1MaterialSceneObject@@UAE@XZ 0040bd50 f i read.obj
 0001:0000ad80       ??1SceneElement@@UAE@XZ    0040bd80 f i read.obj
 0001:0000ad90       ??1TransformNode@@QAE@XZ   0040bd90 f i read.obj
 0001:0000ae10       ??1TransformRoot@@QAE@XZ   0040be10 f i read.obj
 0001:0000ae20       ??1bad_cast@std@@UAE@XZ    0040be20 f i read.obj
 0001:0000ae40       ??1locale@std@@QAE@XZ      0040be40 f i read.obj
 0001:0000ae60       ??1ostrstream@std@@UAE@XZ  0040be60 f i read.obj
 0001:0000af00       ??1strstreambuf@std@@UAE@XZ 0040bf00 f i read.obj
 0001:0000af80       ??4?$basic_string@DU?$char_traits@D@std@@V?$allocator@D@2@@std@@QAEAAV01@$$QAV01@@Z 0040bf80 f i read.obj
 0001:0000b000       ??6@YAAAV?$basic_ostream@DU?$char_traits@D@std@@@std@@AAV01@ABVException@@@Z 0040c000 f i read.obj
 0001:0000b0b0       ??D@YA?AVmat4f@@ABV0@0@Z   0040c0b0 f i read.obj
 0001:0000b550       ??_D?$basic_ifstream@DU?$char_traits@D@std@@@std@@QAEXXZ 0040c550 f i read.obj
 0001:0000b590       ??_Dostrstream@std@@QAEXXZ 0040c590 f i read.obj
 0001:0000b638       ??_E?$basic_ifstream@DU?$char_traits@D@std@@@std@@$4PPPPPPPM@A@AEPAXI@Z 0040c638 f i read.obj
 0001:0000b640       ??_Eostrstream@std@@$4PPPPPPPM@A@AEPAXI@Z 0040c640 f i read.obj
 0001:0000b650       ??_E?$basic_filebuf@DU?$char_traits@D@std@@@std@@UAEPAXI@Z 0040c650 f i read.obj
 0001:0000b650       ??_G?$basic_filebuf@DU?$char_traits@D@std@@@std@@UAEPAXI@Z 0040c650 f i read.obj
 0001:0000b680       ??_G?$basic_ifstream@DU?$char_traits@D@std@@@std@@UAEPAXI@Z 0040c680 f i read.obj
 0001:0000b680       ??_E?$basic_ifstream@DU?$char_traits@D@std@@@std@@UAEPAXI@Z 0040c680 f i read.obj
 0001:0000b6e0       ??_EBox@@UAEPAXI@Z         0040c6e0 f i read.obj
 0001:0000b6e0       ??_GBox@@UAEPAXI@Z         0040c6e0 f i read.obj
 0001:0000b720       ??_ECone@@UAEPAXI@Z        0040c720 f i read.obj
 0001:0000b720       ??_GCone@@UAEPAXI@Z        0040c720 f i read.obj
 0001:0000b770       ??_ECylinder@@UAEPAXI@Z    0040c770 f i read.obj
 0001:0000b770       ??_GCylinder@@UAEPAXI@Z    0040c770 f i read.obj
 0001:0000b7b0       ??_EDirectionalLight@@UAEPAXI@Z 0040c7b0 f i read.obj
 0001:0000b7b0       ??_GDirectionalLight@@UAEPAXI@Z 0040c7b0 f i read.obj
 0001:0000b7e0       ??_EGeometry@@UAEPAXI@Z    0040c7e0 f i read.obj
 0001:0000b7e0       ??_GGeometry@@UAEPAXI@Z    0040c7e0 f i read.obj
 0001:0000b810       ??_GLight@@UAEPAXI@Z       0040c810 f i read.obj
 0001:0000b810       ??_ELight@@UAEPAXI@Z       0040c810 f i read.obj
 0001:0000b840       ??_EMaterialSceneObject@@UAEPAXI@Z 0040c840 f i read.obj
 0001:0000b840       ??_GMaterialSceneObject@@UAEPAXI@Z 0040c840 f i read.obj
 0001:0000b880       ??_EPointLight@@UAEPAXI@Z  0040c880 f i read.obj
 0001:0000b880       ??_GPointLight@@UAEPAXI@Z  0040c880 f i read.obj
 0001:0000b8b0       ??_GScene@@UAEPAXI@Z       0040c8b0 f i read.obj
 0001:0000b8b0       ??_EScene@@UAEPAXI@Z       0040c8b0 f i read.obj
 0001:0000b8e0       ??_ESceneElement@@UAEPAXI@Z 0040c8e0 f i read.obj
 0001:0000b8e0       ??_GSceneElement@@UAEPAXI@Z 0040c8e0 f i read.obj
 0001:0000b910       ??_ESceneObject@@UAEPAXI@Z 0040c910 f i read.obj
 0001:0000b910       ??_GSceneObject@@UAEPAXI@Z 0040c910 f i read.obj
 0001:0000b940       ??_GSphere@@UAEPAXI@Z      0040c940 f i read.obj
 0001:0000b940       ??_ESphere@@UAEPAXI@Z      0040c940 f i read.obj
 0001:0000b980       ??_GSquare@@UAEPAXI@Z      0040c980 f i read.obj
 0001:0000b980       ??_ESquare@@UAEPAXI@Z      0040c980 f i read.obj
 0001:0000b9c0       ??_GTrimesh@@UAEPAXI@Z     0040c9c0 f i read.obj
 0001:0000b9c0       ??_ETrimesh@@UAEPAXI@Z     0040c9c0 f i read.obj
 0001:0000b9f0       ??_Ebad_cast@std@@UAEPAXI@Z 0040c9f0 f i read.obj
 0001:0000b9f0       ??_Gbad_cast@std@@UAEPAXI@Z 0040c9f0 f i read.obj
 0001:0000ba20       ??_Eostrstream@std@@UAEPAXI@Z 0040ca20 f i read.obj
 0001:0000ba20       ??_Gostrstream@std@@UAEPAXI@Z 0040ca20 f i read.obj
 0001:0000ba50       ??_Gstrstreambuf@std@@UAEPAXI@Z 0040ca50 f i read.obj
 0001:0000ba50       ??_Estrstreambuf@std@@UAEPAXI@Z 0040ca50 f i read.obj
 0001:0000bae0       ?ComputeBoundingBox@Geometry@@UAEXXZ 0040cae0 f i read.obj
 0001:0000c030       ?ComputeLocalBoundingBox@Box@@UAE?AVBoundingBox@@XZ 0040d030 f i read.obj
 0001:0000c060       ?ComputeLocalBoundingBox@Cone@@UAE?AVBoundingBox@@XZ 0040d060 f i read.obj
 0001:0000c0c0       ?ComputeLocalBoundingBox@Cylinder@@UAE?AVBoundingBox@@XZ 0040d0c0 f i read.obj
 0001:0000c0f0       ?ComputeLocalBoundingBox@Geometry@@UAE?AVBoundingBox@@XZ 0040d0f0 f i read.obj
 0001:0000c130       ?ComputeLocalBoundingBox@Sphere@@UAE?AVBoundingBox@@XZ 0040d130 f i read.obj
 0001:0000c160       ?ComputeLocalBoundingBox@Square@@UAE?AVBoundingBox@@XZ 0040d160 f i read.obj
 0001:0000c1a0       ?_Endwrite@?$basic_filebuf@DU?$char_traits@D@std@@@std@@IAE_NXZ 0040d1a0 f i read.obj
 0001:0000c270       ?_Free@strstreambuf@std@@ABEXPAD@Z 0040d270 f i read.obj
 0001:0000c2a0       ?_Insert_node@?$_Tree_val@U?$_Tree_simple_types@U?$pair@$$CBV?$basic_string@DU?$char_traits@D@std@@V?$allocator@D@2@@std@@PAVMaterial@@@std@@@std@@@std@@QAEPAU?$_Tree_node@U?$pair@$$CBV?$basic_string@DU?$char_traits@D@std@@V?$allocator@D@2@@std@@PAVMaterial@@@std@@PAX@2@U?$_Tree_id@PAU?$_Tree_node@U?$pair@$$CBV?$basic_string@DU?$char_traits@D@std@@V?$allocator@D@2@@std@@PAVMaterial@@@std@@PAX@std@@@2@QAU32@@Z 0040d2a0 f i read.obj
 0001:0000c4b0       ?_Lock@?$basic_filebuf@DU?$char_traits@D@std@@@std@@UAEXXZ 0040d4b0 f i read.obj
 0001:0000c4c0       ?_Reset_back@?$basic_filebuf@DU?$char_traits@D@std@@@std@@AAEXXZ 0040d4c0 f i read.obj
 0001:0000c4f0       ?_Throw_bad_cast@std@@YAXXZ 0040d4f0 f i read.obj
 0001:0000c510       ?_Unlock@?$basic_filebuf@DU?$char_traits@D@std@@@std@@UAEXXZ 0040d510 f i read.obj
 0001:0000c520       ?add@Scene@@QAEXPAVGeometry@@@Z 0040d520 f i read.obj
 0001:0000c5c0       ?add@Scene@@QAEXPAVLight@@@Z 0040d5c0 f i read.obj
 0001:0000c650       ?allocate@?$allocator@U?$_List_node@PAVAmbientLight@@PAX@std@@@std@@QAEPAU?$_List_node@PAVAmbientLight@@PAX@2@I@Z 0040d650 f i read.obj
 0001:0000c6b0       ?createChild@TransformNode@@QAEPAV1@ABVmat4f@@@Z 0040d6b0 f i read.obj
 0001:0000c780       ?find@?$_Tree@V?$_Tmap_traits@V?$basic_string@DU?$char_traits@D@std@@V?$allocator@D@2@@std@@PAVMaterial@@U?$less@V?$basic_string@DU?$char_traits@D@std@@V?$allocator@D@2@@std@@@2@V?$allocator@U?$pair@$$CBV?$basic_string@DU?$char_traits@D@std@@V?$allocator@D@2@@std@@PAVMaterial@@@std@@@2@$0A@@std@@@std@@QBE?AV?$_Tree_const_iterator@V?$_Tree_val@U?$_Tree_simple_types@U?$pair@$$CBV?$basic_string@DU?$char_traits@D@std@@V?$allocator@D@2@@std@@PAVMaterial@@@std@@@std@@@std@@@2@ABV?$basic_string@DU?$char_traits@D@std@@V?$allocator@D@2@@2@@Z 0040d780 f i read.obj
 0001:0000c7f0       ?find@?$_Tree@V?$_Tmap_traits@V?$basic_string@DU?$char_traits@D@std@@V?$allocator@D@2@@std@@PAVObj@@U?$less@V?$basic_string@DU?$char_traits@D@std@@V?$allocator@D@2@@std@@@2@V?$allocator@U?$pair@$$CBV?$basic_string@DU?$char_traits@D@std@@V?$allocator@D@2@@std@@PAVObj@@@std@@@2@$0A@@std@@@std@@QBE?AV?$_Tree_const_iterator@V?$_Tree_val@U?$_Tree_simple_types@U?$pair@$$CBV?$basic_string@DU?$char_traits@D@std@@V?$allocator@D@2@@std@@PAVObj@@@std@@@std@@@std@@@2@ABV?$basic_string@DU?$char_traits@D@std@@V?$allocator@D@2@@2@@Z 0040d7f0 f i read.obj
 0001:0000cc50       ?getMaterial@MaterialSceneObject@@UBEABVMaterial@@XZ 0040dc50 f i read.obj
 0001:0000cc60       ?hasBoundingBoxCapability@Box@@UBE_NXZ 0040dc60 f i read.obj
 0001:0000cc70       ?hasBoundingBoxCapability@Cone@@UBE_NXZ 0040dc70 f i read.obj
 0001:0000cc80       ?hasBoundingBoxCapability@Cylinder@@UBE_NXZ 0040dc80 f i read.obj
 0001:0000cc90       ?hasBoundingBoxCapability@Sphere@@UBE_NXZ 0040dc90 f i read.obj
 0001:0000cca0       ?hasBoundingBoxCapability@Square@@UBE_NXZ 0040dca0 f i read.obj
 0001:0000ccb0       ?imbue@?$basic_filebuf@DU?$char_traits@D@std@@@std@@MAEXABVlocale@2@@Z 0040dcb0 f i read.obj
 0001:0000cdb0       ?overflow@?$basic_filebuf@DU?$char_traits@D@std@@@std@@MAEHH@Z 0040ddb0 f i read.obj
 0001:0000cf20       ?overflow@strstreambuf@std@@MAEHH@Z 0040df20 f i read.obj
 0001:0000d080       ?pbackfail@?$basic_filebuf@DU?$char_traits@D@std@@@std@@MAEHH@Z 0040e080 f i read.obj
 0001:0000d130       ?pbackfail@strstreambuf@std@@MAEHH@Z 0040e130 f i read.obj
 0001:000111b0       ?readScene@@YAPAVScene@@AAV?$basic_istream@DU?$char_traits@D@std@@@std@@@Z 004121b0 f   read.obj
 0001:00011410       ?readScene@@YAPAVScene@@ABV?$basic_string@DU?$char_traits@D@std@@V?$allocator@D@2@@std@@@Z 00412410 f   read.obj
 0001:000115d0       ?seekoff@?$basic_filebuf@DU?$char_traits@D@std@@@std@@MAE?AV?$fpos@U_Mbstatet@@@2@_JHH@Z 004125d0 f i read.obj
 0001:000116b0       ?seekoff@strstreambuf@std@@MAE?AV?$fpos@U_Mbstatet@@@2@_JHH@Z 004126b0 f i read.obj
 0001:00011860       ?seekpos@?$basic_filebuf@DU?$char_traits@D@std@@@std@@MAE?AV?$fpos@U_Mbstatet@@@2@V32@H@Z 00412860 f i read.obj
 0001:00011930       ?seekpos@strstreambuf@std@@MAE?AV?$fpos@U_Mbstatet@@@2@V32@H@Z 00412930 f i read.obj
 0001:00011a00       ?setMaterial@MaterialSceneObject@@UAEXPAVMaterial@@@Z 00412a00 f i read.obj
 0001:00011a10       ?setbuf@?$basic_filebuf@DU?$char_traits@D@std@@@std@@MAEPAV?$basic_streambuf@DU?$char_traits@D@std@@@2@PAD_J@Z 00412a10 f i read.obj
 0001:00011ae0       ?size@?$vector@PAVObj@@V?$allocator@PAVObj@@@std@@@std@@QBEIXZ 00412ae0 f i read.obj
 0001:00011af0       ?str@ostrstream@std@@QAEPADXZ 00412af0 f i read.obj
 0001:00011b30       ?sync@?$basic_filebuf@DU?$char_traits@D@std@@@std@@MAEHXZ 00412b30 f i read.obj
 0001:00011bd0       ?uflow@?$basic_filebuf@DU?$char_traits@D@std@@@std@@MAEHXZ 00412bd0 f i read.obj
 0001:00011ef0       ?underflow@?$basic_filebuf@DU?$char_traits@D@std@@@std@@MAEHXZ 00412ef0 f i read.obj
 0001:00011f30       ?underflow@strstreambuf@std@@MAEHXZ 00412f30 f i read.obj
 0001:00012060       ?xsgetn@?$basic_filebuf@DU?$char_traits@D@std@@@std@@MAE_JPAD_J@Z 00413060 f i read.obj
 0001:000121c0       ?xsputn@?$basic_filebuf@DU?$char_traits@D@std@@@std@@MAE_JPBD_J@Z 004131c0 f i read.obj
 0001:000122a0       ?inverse@mat3f@@QBE?AV1@XZ 004132a0 f   vecmath.obj
 0001:00012590       ?inverse@mat4f@@QBE?AV1@XZ 00413590 f   vecmath.obj
 0001:00012a10       ??0Camera@@QAE@XZ          00413a10 f   camera.obj
 0001:00012a90       ?rayThrough@Camera@@QAEXNNAAVray@@@Z 00413a90 f   camera.obj
 0001:00012ba0       ?setAspectRatio@Camera@@QAEXN@Z 00413ba0 f   camera.obj
 0001:00012d30       ?setEye@Camera@@QAEXABVvec3f@@@Z 00413d30 f   camera.obj
 0001:00012d60       ?setFOV@Camera@@QAEXN@Z    00413d60 f   camera.obj
 0001:00012f10       ?setLook@Camera@@QAEXABVvec3f@@0@Z 00413f10 f   camera.obj
 0001:00013180       ?setLook@Camera@@QAEXNNNN@Z 00414180 f   camera.obj
 0001:00013440       ?update@Camera@@AAEXXZ     00414440 f   camera.obj
 0001:000135d0       ?distanceAttenuation@DirectionalLight@@UBENABVvec3f@@@Z 004145d0 f   light.obj
 0001:000135e0       ?distanceAttenuation@PointLight@@UBENABVvec3f@@@Z 004145e0 f   light.obj
 0001:00013710       ?getColor@AmbientLight@@QBE?AVvec3f@@ABV2@@Z 00414710 f   light.obj
 0001:00013730       ?getColor@DirectionalLight@@UBE?AVvec3f@@ABV2@@Z 00414730 f   light.obj
 0001:00013750       ?getColor@PointLight@@UBE?AVvec3f@@ABV2@@Z 00414750 f   light.obj
 0001:00013770       ?getDirection@DirectionalLight@@UBE?AVvec3f@@ABV2@@Z 00414770 f   light.obj
 0001:000137a0       ?getDirection@PointLight@@UBE?AVvec3f@@ABV2@@Z 004147a0 f   light.obj
 0001:00013830       ?setDistanceAttenuationCoeff@PointLight@@QAEXABVvec3f@@@Z 00414830 f   light.obj
 0001:00013860       ?shadowAttenuation@DirectionalLight@@UBE?AVvec3f@@ABV2@@Z 00414860 f   light.obj
 0001:00013b20       ?shadowAttenuation@PointLight@@UBE?AVvec3f@@ABV2@@Z 00414b20 f   light.obj
 0001:00013e50       ??$_Construct_in_place@PAU?$_List_node@PAVAmbientLight@@PAX@std@@PAU12@@std@@YAXAAPAU?$_List_node@PAVAmbientLight@@PAX@0@$$QAPAU10@@Z 00414e50 f i material.obj
 0001:00013e60       ??$_Construct_in_place@PAU?$_List_node@PAVLight@@PAX@std@@PAU12@@std@@YAXAAPAU?$_List_node@PAVLight@@PAX@0@$$QAPAU10@@Z 00414e60 f i material.obj
 0001:00013e70       ??$exchange@II@std@@YAIAAI$$QAI@Z 00414e70 f i material.obj
 0001:00013e90       ??$exchange@PAU?$_List_node@PAVAmbientLight@@PAX@std@@$$T@std@@YAPAU?$_List_node@PAVAmbientLight@@PAX@0@AAPAU10@$$QA$$T@Z 00414e90 f i material.obj
 0001:00013eb0       ??$exchange@PAU?$_List_node@PAVAmbientLight@@PAX@std@@AAPAU12@@std@@YAPAU?$_List_node@PAVAmbientLight@@PAX@0@AAPAU10@0@Z 00414eb0 f i material.obj
 0001:00013ed0       ??$exchange@PAU?$_List_node@PAVAmbientLight@@PAX@std@@PAU12@@std@@YAPAU?$_List_node@PAVAmbientLight@@PAX@0@AAPAU10@$$QAPAU10@@Z 00414ed0 f i material.obj
 0001:00013ef0       ??$exchange@PAU?$_List_node@PAVLight@@PAX@std@@$$T@std@@YAPAU?$_List_node@PAVLight@@PAX@0@AAPAU10@$$QA$$T@Z 00414ef0 f i material.obj
 0001:00013f10       ??$exchange@PAU?$_List_node@PAVLight@@PAX@std@@AAPAU12@@std@@YAPAU?$_List_node@PAVLight@@PAX@0@AAPAU10@0@Z 00414f10 f i material.obj
 0001:00013f30       ??$exchange@PAU?$_List_node@PAVLight@@PAX@std@@PAU12@@std@@YAPAU?$_List_node@PAVLight@@PAX@0@AAPAU10@$$QAPAU10@@Z 00414f30 f i material.obj
 0001:00013f50       ??1?$_List_node_insert_op2@V?$allocator@U?$_List_node@PAVAmbientLight@@PAX@std@@@std@@@std@@QAE@XZ 00414f50 f i material.obj
 0001:00013f90       ??1?$_List_node_insert_op2@V?$allocator@U?$_List_node@PAVLight@@PAX@std@@@std@@@std@@QAE@XZ 00414f90 f i material.obj
 0001:000141b0       ?shade@Material@@UBE?AVvec3f@@PAVScene@@ABVray@@ABVisect@@@Z 004151b0 f   material.obj
 0001:00014920       ?getMaterial@isect@@QBEABVMaterial@@XZ 00415920 f   ray.obj
 0001:00014930       ??1Scene@@UAE@XZ           00415930 f   scene.obj
 0001:00014b00       ??4BoundingBox@@QAEXABV0@@Z 00415b00 f   scene.obj
 0001:00014b50       ?hasBoundingBoxCapability@Geometry@@UBE_NXZ 00415b50 f   scene.obj
 0001:00014b60       ?initScene@Scene@@QAEXXZ   00415b60 f   scene.obj
 0001:00014d90       ?intersect@BoundingBox@@QBE_NABVray@@AAN1@Z 00415d90 f   scene.obj
 0001:00014eb0       ?intersect@Geometry@@UBE_NABVray@@AAVisect@@@Z 00415eb0 f   scene.obj
 0001:000151f0       ?intersect@Scene@@QBE_NABVray@@AAVisect@@@Z 004161f0 f   scene.obj
 0001:000157d0       ?intersectLocal@Geometry@@UBE_NABVray@@AAVisect@@@Z 004167d0 f   scene.obj
 0001:000157e0       ?intersects@BoundingBox@@QBE_NABV1@@Z 004167e0 f   scene.obj
 0001:00015870       ?intersects@BoundingBox@@QBE_NABVvec3f@@@Z 00416870 f   scene.obj
 0001:000158f0       ??$swap@N$0A@@std@@YAXAAN0@Z 004168f0 f i Box.obj
 0001:00015910       ?intersectLocal@Box@@UBE_NABVray@@AAVisect@@@Z 00416910 f   Box.obj
 0001:00015b40       ?intersectBody@Cone@@QBE_NABVray@@AAVisect@@@Z 00416b40 f   Cone.obj
 0001:00015ee0       ?intersectCaps@Cone@@QBE_NABVray@@AAVisect@@@Z 00416ee0 f   Cone.obj
 0001:00016070       ?intersectLocal@Cone@@UBE_NABVray@@AAVisect@@@Z 00417070 f   Cone.obj
 0001:000164f0       ?intersectBody@Cylinder@@QBE_NABVray@@AAVisect@@@Z 004174f0 f   Cylinder.obj
 0001:000167c0       ?intersectCaps@Cylinder@@QBE_NABVray@@AAVisect@@@Z 004177c0 f   Cylinder.obj
 0001:000168e0       ?intersectLocal@Cylinder@@UBE_NABVray@@AAVisect@@@Z 004178e0 f   Cylinder.obj
 0001:00016d00       ?intersectLocal@Sphere@@UBE_NABVray@@AAVisect@@@Z 00417d00 f   Sphere.obj
 0001:00016ee0       ?intersectLocal@Square@@UBE_NABVray@@AAVisect@@@Z 00417ee0 f   Square.obj
 0001:00016fb0       ??$_Copy_memmove@PAPAVMaterial@@PAPAV1@@std@@YAPAPAVMaterial@@PAPAV1@00@Z 00417fb0 f i trimesh.obj
 0001:00016fe0       ??$_Copy_memmove@PAPAVTrimeshFace@@PAPAV1@@std@@YAPAPAVTrimeshFace@@PAPAV1@00@Z 00417fe0 f i trimesh.obj
 0001:00017010       ??$_Emplace_reallocate@ABQAVMaterial@@@?$vector@PAVMaterial@@V?$allocator@PAVMaterial@@@std@@@std@@QAEPAPAVMaterial@@QAPAV2@ABQAV2@@Z 00418010 f i trimesh.obj
 0001:00017170       ??$_Emplace_reallocate@ABQAVTrimeshFace@@@?$vector@PAVTrimeshFace@@V?$allocator@PAVTrimeshFace@@@std@@@std@@QAEPAPAVTrimeshFace@@QAPAV2@ABQAV2@@Z 00418170 f i trimesh.obj
 0001:000172d0       ??$_Emplace_reallocate@ABVvec3f@@@?$vector@Vvec3f@@V?$allocator@Vvec3f@@@std@@@std@@QAEPAVvec3f@@QAV2@ABV2@@Z 004182d0 f i trimesh.obj
 0001:000173e0       ??$_Resize_reallocate@U_Value_init_tag@std@@@?$vector@Vvec3f@@V?$allocator@Vvec3f@@@std@@@std@@AAEXIABU_Value_init_tag@1@@Z 004183e0 f i trimesh.obj
 0001:000174d0       ??$_Uninitialized_copy@PAVvec3f@@V?$allocator@Vvec3f@@@std@@@std@@YAPAVvec3f@@QAV1@0PAV1@AAV?$allocator@Vvec3f@@@0@@Z 004184d0 f i trimesh.obj
 0001:00017520       ??$_Uninitialized_move@PAPAVMaterial@@V?$allocator@PAVMaterial@@@std@@@std@@YAPAPAVMaterial@@QAPAV1@0PAPAV1@AAV?$allocator@PAVMaterial@@@0@@Z 00418520 f i trimesh.obj
 0001:00017550       ??$_Uninitialized_move@PAPAVTrimeshFace@@V?$allocator@PAVTrimeshFace@@@std@@@std@@YAPAPAVTrimeshFace@@QAPAV1@0PAPAV1@AAV?$allocator@PAVTrimeshFace@@@0@@Z 00418550 f i trimesh.obj
 0001:00017580       ??$_Uninitialized_move@PAVvec3f@@V?$allocator@Vvec3f@@@std@@@std@@YAPAVvec3f@@QAV1@0PAV1@AAV?$allocator@Vvec3f@@@0@@Z 00418580 f i trimesh.obj
 0001:000175d0       ??$_Uninitialized_value_construct_n@V?$allocator@Vvec3f@@@std@@@std@@YAPAVvec3f@@PAV1@IAAV?$allocator@Vvec3f@@@0@@Z 004185d0 f i trimesh.obj
 0001:00017600       ??0Material@@QAE@ABV0@@Z   00418600 f i trimesh.obj
 0001:00017700       ??1?$vector@Vvec3f@@V?$allocator@Vvec3f@@@std@@@std@@QAE@XZ 00418700 f i trimesh.obj
 0001:00017770       ??1Trimesh@@UAE@XZ         00418770 f   trimesh.obj
 0001:00017870       ??_GTrimeshFace@@UAEPAXI@Z 00418870 f i trimesh.obj
 0001:00017870       ??_ETrimeshFace@@UAEPAXI@Z 00418870 f i trimesh.obj
 0001:000178b0       ?ComputeLocalBoundingBox@TrimeshFace@@UAE?AVBoundingBox@@XZ 004188b0 f i trimesh.obj
 0001:000179d0       ?_Change_array@?$vector@Vvec3f@@V?$allocator@Vvec3f@@@std@@@std@@AAEXQAVvec3f@@II@Z 004189d0 f i trimesh.obj
 0001:00017a50       ?_Umove@?$vector@Vvec3f@@V?$allocator@Vvec3f@@@std@@@std@@AAEPAVvec3f@@PAV3@00@Z 00418a50 f i trimesh.obj
 0001:00017ab0       ?_Umove_if_noexcept@?$vector@Vvec3f@@V?$allocator@Vvec3f@@@std@@@std@@AAEXPAVvec3f@@00@Z 00418ab0 f i trimesh.obj
 0001:00017b00       ?_Xlength@?$vector@PAVMaterial@@V?$allocator@PAVMaterial@@@std@@@std@@CAXXZ 00418b00 f i trimesh.obj
 0001:00017b10       ?_Xlength@?$vector@PAVTrimeshFace@@V?$allocator@PAVTrimeshFace@@@std@@@std@@CAXXZ 00418b10 f i trimesh.obj
 0001:00017b20       ?_Xlength@?$vector@Vvec3f@@V?$allocator@Vvec3f@@@std@@@std@@CAXXZ 00418b20 f i trimesh.obj
 0001:00017b30       ?addFace@Trimesh@@QAE_NHHH@Z 00418b30 f   trimesh.obj
 0001:00017cd0       ?addMaterial@Trimesh@@QAEXPAVMaterial@@@Z 00418cd0 f   trimesh.obj
 0001:00017d00       ?addNormal@Trimesh@@QAEXABVvec3f@@@Z 00418d00 f   trimesh.obj
 0001:00017d50       ?addVertex@Trimesh@@QAEXABVvec3f@@@Z 00418d50 f   trimesh.obj
 0001:00017da0       ?allocate@?$allocator@Vvec3f@@@std@@QAEPAVvec3f@@I@Z 00418da0 f i trimesh.obj
 0001:00017e00       ?doubleCheck@Trimesh@@QAEPADXZ 00418e00 f   trimesh.obj
 0001:00017e80       ?generateNormals@Trimesh@@QAEXXZ 00418e80 f   trimesh.obj
 0001:00018190       ?hasBoundingBoxCapability@TrimeshFace@@UBE_NXZ 00419190 f i trimesh.obj
 0001:000181a0       ?intersectLocal@TrimeshFace@@UBE_NABVray@@AAVisect@@@Z 004191a0 f   trimesh.obj
 0001:00018b30       ?visual@Fl@@SAHH@Z         00419b30 f   fltk:Fl_visual.obj
 0001:00018b90       ?option@Fl@@SA_NW4Fl_Option@1@@Z 00419b90 f   fltk:Fl.obj
 0001:00018e20       ?option@Fl@@SAXW4Fl_Option@1@_N@Z 00419e20 f   fltk:Fl.obj
 0001:00018e60       ?version@Fl@@SANXZ         00419e60 f   fltk:Fl.obj
 0001:00018e70       ?scrollbar_size@Fl@@SAHXZ  00419e70 f   fltk:Fl.obj
 0001:00018e80       ?scrollbar_size@Fl@@SAXH@Z 00419e80 f   fltk:Fl.obj
 0001:00018e90       ?wait@Fl@@SAHXZ            00419e90 f   fltk:Fl.obj
 0001:00018ee0       ?wait@Fl@@SANN@Z           00419ee0 f   fltk:Fl.obj
 0001:00018f10       ?check@Fl@@SAHXZ           00419f10 f   fltk:Fl.obj
 0001:00018f50       ?ready@Fl@@SAHXZ           00419f50 f   fltk:Fl.obj
 0001:00018f60       ?run@Fl@@SAHXZ             00419f60 f   fltk:Fl.obj
 0001:00018f90       ?add_timeout@Fl@@SAXNP6AXPAX@Z0@Z 00419f90 f   fltk:Fl.obj
 0001:00018fc0       ?repeat_timeout@Fl@@SAXNP6AXPAX@Z0@Z 00419fc0 f   fltk:Fl.obj
 0001:00019170       ?has_timeout@Fl@@SAHP6AXPAX@Z0@Z 0041a170 f   fltk:Fl.obj
 0001:000191d0       ?remove_timeout@Fl@@SAXP6AXPAX@Z0@Z 0041a1d0 f   fltk:Fl.obj
 0001:00019240       ?add_check@Fl@@SAXP6AXPAX@Z0@Z 0041a240 f   fltk:Fl.obj
 0001:000192c0       ?has_check@Fl@@SAHP6AXPAX@Z0@Z 0041a2c0 f   fltk:Fl.obj
 0001:00019310       ?remove_check@Fl@@SAXP6AXPAX@Z0@Z 0041a310 f   fltk:Fl.obj
 0001:00019390       ?add_fd@Fl@@SAXHHP6AXHPAX@Z0@Z 0041a390 f   fltk:Fl.obj
 0001:00019660       ?add_fd@Fl@@SAXHP6AXHPAX@Z0@Z 0041a660 f   fltk:Fl.obj
 0001:00019680       ?remove_fd@Fl@@SAXHH@Z     0041a680 f   fltk:Fl.obj
 0001:00019980       ?remove_fd@Fl@@SAXH@Z      0041a980 f   fltk:Fl.obj
 0001:000199a0       ?redraw@Fl@@SAXXZ          0041a9a0 f   fltk:Fl.obj
 0001:000199d0       ?flush@Fl@@SAXXZ           0041a9d0 f   fltk:Fl.obj
 0001:00019aa0       ?first_window@Fl@@SAPAVFl_Window@@XZ 0041aaa0 f   fltk:Fl.obj
 0001:00019ad0       ?first_window@Fl@@SAXPAVFl_Window@@@Z 0041aad0 f   fltk:Fl.obj
 0001:00019b20       ?next_window@Fl@@SAPAVFl_Window@@PBV2@@Z 0041ab20 f   fltk:Fl.obj
 0001:00019b60       ?get_mouse@Fl@@SAXAAH0@Z   0041ab60 f   fltk:Fl.obj
 0001:00019b90       ?event_inside@Fl@@SAHHHHH@Z 0041ab90 f   fltk:Fl.obj
 0001:00019be0       ?event_inside@Fl@@SAHPBVFl_Widget@@@Z 0041abe0 f   fltk:Fl.obj
 0001:00019c60       ?enable_im@Fl@@SAXXZ       0041ac60 f   fltk:Fl.obj
 0001:00019ca0       ?disable_im@Fl@@SAXXZ      0041aca0 f   fltk:Fl.obj
 0001:00019ce0       ?handle@Fl@@SAHHPAVFl_Window@@@Z 0041ace0 f   fltk:Fl.obj
 0001:00019d20       ?handle_@Fl@@SAHHPAVFl_Window@@@Z 0041ad20 f   fltk:Fl.obj
 0001:0001a400       ?belowmouse@Fl@@SAXPAVFl_Widget@@@Z 0041b400 f   fltk:Fl.obj
 0001:0001a4a0       ?pushed@Fl@@SAXPAVFl_Widget@@@Z 0041b4a0 f   fltk:Fl.obj
 0001:0001a4b0       ?focus@Fl@@SAXPAVFl_Widget@@@Z 0041b4b0 f   fltk:Fl.obj
 0001:0001a5b0       ?add_handler@Fl@@SAXP6AHH@Z@Z 0041b5b0 f   fltk:Fl.obj
 0001:0001a5f0       ?remove_handler@Fl@@SAXP6AHH@Z@Z 0041b5f0 f   fltk:Fl.obj
 0001:0001a670       ?add_system_handler@Fl@@SAXP6AHPAX0@Z0@Z 0041b670 f   fltk:Fl.obj
 0001:0001a6c0       ?remove_system_handler@Fl@@SAXP6AHPAX0@Z@Z 0041b6c0 f   fltk:Fl.obj
 0001:0001a740       ?event_dispatch@Fl@@SAXP6AHHPAVFl_Window@@@Z@Z 0041b740 f   fltk:Fl.obj
 0001:0001a750       ?event_dispatch@Fl@@SAP6AHHPAVFl_Window@@@ZXZ 0041b750 f   fltk:Fl.obj
 0001:0001a760       ?copy@Fl@@SAXPBDHH0@Z      0041b760 f   fltk:Fl.obj
 0001:0001a890       ?copy@Fl@@SAXPBDHH@Z       0041b890 f   fltk:Fl.obj
 0001:0001a8b0       ?paste@Fl@@SAXAAVFl_Widget@@HPBD@Z 0041b8b0 f   fltk:Fl.obj
 0001:0001b5a0       ?paste@Fl@@SAXAAVFl_Widget@@H@Z 0041c5a0 f   fltk:Fl.obj
 0001:0001b5c0       ?add_clipboard_notify@Fl@@SAXP6AXHPAX@Z0@Z 0041c5c0 f   fltk:Fl.obj
 0001:0001b620       ?remove_clipboard_notify@Fl@@SAXP6AXHPAX@Z@Z 0041c620 f   fltk:Fl.obj
 0001:0001b690       ?clipboard_contains@Fl@@SAHPBD@Z 0041c690 f   fltk:Fl.obj
 0001:0001b740       ?selection_owner@Fl@@SAXPAVFl_Widget@@@Z 0041c740 f   fltk:Fl.obj
 0001:0001b750       ?selection@Fl@@SAXAAVFl_Widget@@PBDH@Z 0041c750 f   fltk:Fl.obj
 0001:0001b770       ?paste@Fl@@SAXAAVFl_Widget@@@Z 0041c770 f   fltk:Fl.obj
 0001:0001b790       ?x@Fl@@SAHXZ               0041c790 f   fltk:Fl.obj
 0001:0001b7d0       ?y@Fl@@SAHXZ               0041c7d0 f   fltk:Fl.obj
 0001:0001b810       ?w@Fl@@SAHXZ               0041c810 f   fltk:Fl.obj
 0001:0001b850       ?h@Fl@@SAHXZ               0041c850 f   fltk:Fl.obj
 0001:0001b890       ?thread_message@Fl@@SAPAXXZ 0041c890 f   fltk:Fl.obj
 0001:0001b8b0       ?delete_widget@Fl@@SAXPAVFl_Widget@@@Z 0041c8b0 f   fltk:Fl.obj
 0001:0001b9b0       ?do_widget_deletion@Fl@@SAXXZ 0041c9b0 f   fltk:Fl.obj
 0001:0001ba30       ?watch_widget_pointer@Fl@@SAXAAPAVFl_Widget@@@Z 0041ca30 f   fltk:Fl.obj
 0001:0001bad0       ?release_widget_pointer@Fl@@SAXAAPAVFl_Widget@@@Z 0041cad0 f   fltk:Fl.obj
 0001:0001bb50       ?clear_widget_pointer@Fl@@SAXPBVFl_Widget@@@Z 0041cb50 f   fltk:Fl.obj
 0001:0001bbc0       ??0Fl_Widget_Tracker@@QAE@PAVFl_Widget@@@Z 0041cbc0 f   fltk:Fl.obj
 0001:0001bbf0       ??1Fl_Widget_Tracker@@QAE@XZ 0041cbf0 f   fltk:Fl.obj
 0001:0001bc40       ?redraw@Fl_Widget@@QAEXXZ  0041cc40 f   fltk:Fl.obj
 0001:0001bc60       ?redraw_label@Fl_Widget@@QAEXXZ 0041cc60 f   fltk:Fl.obj
 0001:0001c260       ?damage@Fl_Widget@@QAEXE@Z 0041d260 f   fltk:Fl.obj
 0001:0001c320       ?damage@Fl_Widget@@QAEXEHHHH@Z 0041d320 f   fltk:Fl.obj
 0001:0001c510       ?size_range_@Fl_Window@@AAEXXZ 0041d510 f   fltk:Fl.obj
 0001:0001c530       ?fullscreen_x@Fl_Window@@AAEXXZ 0041d530 f   fltk:Fl.obj
 0001:0001c5a0       ?fullscreen_off_x@Fl_Window@@AAEXHHHH@Z 0041d5a0 f   fltk:Fl.obj
 0001:0001c780       ?flush@Fl_Window@@MAEXXZ   0041d780 f   fltk:Fl.obj
 0001:0001c7f0       ?handle@Fl_Window@@UAEHH@Z 0041d7f0 f   fltk:Fl.obj
 0001:0001c960       ?resize@Fl_Window@@UAEXHHHH@Z 0041d960 f   fltk:Fl.obj
 0001:0001cc40       ?label@Fl_Window@@QAEXPBD0@Z 0041dc40 f   fltk:Fl.obj
 0001:0001cd30       ?default_icons@Fl_Window@@SAXPAUHICON__@@0@Z 0041dd30 f   fltk:Fl.obj
 0001:0001cd50       ?icons@Fl_Window@@QAEXPAUHICON__@@0@Z 0041dd50 f   fltk:Fl.obj
 0001:0001cdb0       ?show@Fl_Window@@UAEXXZ    0041ddb0 f   fltk:Fl.obj
 0001:0001ce70       ?hide@Fl_Window@@UAEXXZ    0041de70 f   fltk:Fl.obj
 0001:0001d2d0       ?make_current@Fl_Window@@QAEXXZ 0041e2d0 f   fltk:Fl.obj
 0001:0001d330       ?decorated_w@Fl_Window@@QAEHXZ 0041e330 f   fltk:Fl.obj
 0001:0001d400       ?decorated_h@Fl_Window@@QAEHXZ 0041e400 f   fltk:Fl.obj
 0001:0001d4d0       ?XRectangleRegion@@YAPAUHRGN__@@HHHH@Z 0041e4d0 f   fltk:Fl.obj
 0001:0001d580       ?fake_X_wm@Fl_X@@SAHPBVFl_Window@@AAH1111@Z 0041e580 f   fltk:Fl.obj
 0001:0001dcb0       ?make_fullscreen@Fl_X@@QAEXHHHH@Z 0041ecb0 f   fltk:Fl.obj
 0001:0001de10       ?set_minmax@Fl_X@@QAEXPAUtagMINMAXINFO@@@Z 0041ee10 f   fltk:Fl.obj
 0001:0001df00       ?set_default_icons@Fl_X@@SAXQAPBVFl_RGB_Image@@H@Z 0041ef00 f   fltk:Fl.obj
 0001:0001dfc0       ?set_default_icons@Fl_X@@SAXPAUHICON__@@0@Z 0041efc0 f   fltk:Fl.obj
 0001:0001e030       ?set_icons@Fl_X@@QAEXXZ    0041f030 f   fltk:Fl.obj
 0001:0001e1d0       ?set_cursor@Fl_X@@QAEHW4Fl_Cursor@@@Z 0041f1d0 f   fltk:Fl.obj
 0001:0001e360       ?set_cursor@Fl_X@@QAEHPBVFl_RGB_Image@@HH@Z 0041f360 f   fltk:Fl.obj
 0001:0001e3e0       ?make@Fl_X@@SAPAV1@PAVFl_Window@@@Z 0041f3e0 f   fltk:Fl.obj
 0001:0001f080       ?fl_release_dc@@YAXPAUHWND__@@PAUHDC__@@@Z 00420080 f   fltk:Fl.obj
 0001:0001f120       ?fl_save_dc@@YAXPAUHWND__@@PAUHDC__@@@Z 00420120 f   fltk:Fl.obj
 0001:0001f190       ?fl_open_display@@YAXXZ    00420190 f   fltk:Fl.obj
 0001:0001f1c0       ?fl_find@@YAPAVFl_Window@@PAUHWND__@@@Z 004201c0 f   fltk:Fl.obj
 0001:0001f240       ?fl_GetDC@@YAPAUHDC__@@PAUHWND__@@@Z 00420240 f   fltk:Fl.obj
 0001:0001f2e0       ?fl_free_fonts@@YAXXZ      004202e0 f   fltk:Fl.obj
 0001:0001f3a0       ?fl_cleanup_dc_list@@YAXXZ 004203a0 f   fltk:Fl.obj
 0001:0001f470       ?fl_clipboard_notify_change@@YAXXZ 00420470 f   fltk:Fl.obj
 0001:0001f4f0       ?fl_clipboard_notify_empty@@YA_NXZ 004204f0 f   fltk:Fl.obj
 0001:0001f520       ?fl_trigger_clipboard_notify@@YAXH@Z 00420520 f   fltk:Fl.obj
 0001:0001f560       ?fl_ready@@YAHXZ           00420560 f   fltk:Fl.obj
 0001:0001f640       ?fl_wait@@YAHN@Z           00420640 f   fltk:Fl.obj
 0001:0001fa50       ?fl_send_system_handlers@@YAHPAX@Z 00420a50 f   fltk:Fl.obj
 0001:0001fab0       ?fl_fix_focus@@YAXXZ       00420ab0 f   fltk:Fl.obj
 0001:0001fc90       ?fl_throw_focus@@YAXPAVFl_Widget@@@Z 00420c90 f   fltk:Fl.obj
 0001:0001fe60       ?fl_clipboard_notify_retarget@@YAXPAUHWND__@@@Z 00420e60 f   fltk:Fl.obj
 0001:0001fec0       ?fl_update_clipboard@@YAXXZ 00420ec0 f   fltk:Fl.obj
 0001:0001ffd0       ?fl_set_status@@YAXHHHH@Z  00420fd0 f   fltk:Fl.obj
 0001:0001ffe0       ?fl_set_spot@@YAXHHHHHHPAVFl_Window@@@Z 00420fe0 f   fltk:Fl.obj
 0001:00020140       ?fl_reset_spot@@YAXXZ      00421140 f   fltk:Fl.obj
 0001:00020150       ?print_window@Fl_Paged_Device@@QAEXPAVFl_Window@@HH@Z 00421150 f   fltk:Fl.obj
 0001:00020780       ?fl_get_lcid_codepage@@YAIK@Z 00421780 f   fltk:Fl.obj
 0001:000207e0       ?fl_get_codepage@@YAXXZ    004217e0 f   fltk:Fl.obj
 0001:00021da0       ?fl_filename_name@@YAPBDPBD@Z 00422da0 f   fltk:Fl.obj
 0001:000223a0       ?fl_xid_@@YAPAUHWND__@@PBVFl_Window@@@Z 004233a0 f   fltk:Fl.obj
 0001:000223d0       ??0Lf2CrlfConvert@@QAE@PBDH@Z 004233d0 f i fltk:Fl.obj
 0001:00022590       ??1Fl_Win32_At_Exit@@QAE@XZ 00423590 f i fltk:Fl.obj
 0001:00022600       ??1Lf2CrlfConvert@@QAE@XZ  00423600 f i fltk:Fl.obj
 0001:00022630       ??1NameList@@QAE@XZ        00423630 f i fltk:Fl.obj
 0001:00022690       ??_GFl_Device@@UAEPAXI@Z   00423690 f i fltk:Fl.obj
 0001:00022690       ??_EFl_Device@@UAEPAXI@Z   00423690 f i fltk:Fl.obj
 0001:000226c0       ??_EFl_GDI_Graphics_Driver@@UAEPAXI@Z 004236c0 f i fltk:Fl.obj
 0001:000226c0       ??_GFl_GDI_Graphics_Driver@@UAEPAXI@Z 004236c0 f i fltk:Fl.obj
 0001:00022720       ??_EFl_Graphics_Driver@@UAEPAXI@Z 00423720 f i fltk:Fl.obj
 0001:00022720       ??_GFl_Graphics_Driver@@UAEPAXI@Z 00423720 f i fltk:Fl.obj
 0001:00022780       ??_EFl_Image@@UAEPAXI@Z    00423780 f i fltk:Fl.obj
 0001:00022780       ??_GFl_Image@@UAEPAXI@Z    00423780 f i fltk:Fl.obj
 0001:000227b0       ??_EFl_RGB_Image@@UAEPAXI@Z 004237b0 f i fltk:Fl.obj
 0001:000227b0       ??_GFl_RGB_Image@@UAEPAXI@Z 004237b0 f i fltk:Fl.obj
 0001:000227e0       ??_GFl_Surface_Device@@UAEPAXI@Z 004237e0 f i fltk:Fl.obj
 0001:000227e0       ??_EFl_Surface_Device@@UAEPAXI@Z 004237e0 f i fltk:Fl.obj
 0001:00022820       ?add_name@NameList@@QAEXPBD@Z 00423820 f i fltk:Fl.obj
 0001:000228a0       ?class_name@Fl_Device@@UAEPBDXZ 004238a0 f i fltk:Fl.obj
 0001:000228b0       ?class_name@Fl_GDI_Graphics_Driver@@UAEPBDXZ 004238b0 f i fltk:Fl.obj
 0001:000228c0       ?class_name@Fl_Graphics_Driver@@UAEPBDXZ 004238c0 f i fltk:Fl.obj
 0001:000228d0       ?class_name@Fl_Surface_Device@@UAEPBDXZ 004238d0 f i fltk:Fl.obj
 0001:000228e0       ?color@Fl_Graphics_Driver@@MAEXEEE@Z 004238e0 f i fltk:Fl.obj
 0001:000228f0       ?color@Fl_Graphics_Driver@@MAEXI@Z 004238f0 f i fltk:Fl.obj
 0001:00022910       ?descent@Fl_Graphics_Driver@@UAEHXZ 00423910 f i fltk:Fl.obj
 0001:00022920       ?draw@Fl_Graphics_Driver@@MAEXHPBDHHH@Z 00423920 f i fltk:Fl.obj
 0001:00022930       ?draw@Fl_Graphics_Driver@@MAEXPAVFl_Bitmap@@HHHHHH@Z 00423930 f i fltk:Fl.obj
 0001:00022940       ?draw@Fl_Graphics_Driver@@MAEXPAVFl_Pixmap@@HHHHHH@Z 00423940 f i fltk:Fl.obj
 0001:00022950       ?draw@Fl_Graphics_Driver@@MAEXPAVFl_RGB_Image@@HHHHHH@Z 00423950 f i fltk:Fl.obj
 0001:00022960       ?draw@Fl_Graphics_Driver@@MAEXPBDHHH@Z 00423960 f i fltk:Fl.obj
 0001:00022970       ?draw_image@Fl_Graphics_Driver@@MAEXP6AXPAXHHHPAE@Z0HHHHH@Z 00423970 f i fltk:Fl.obj
 0001:00022980       ?draw_image@Fl_Graphics_Driver@@MAEXPBEHHHHHH@Z 00423980 f i fltk:Fl.obj
 0001:00022990       ?draw_image_mono@Fl_Graphics_Driver@@MAEXP6AXPAXHHHPAE@Z0HHHHH@Z 00423990 f i fltk:Fl.obj
 0001:000229a0       ?draw_image_mono@Fl_Graphics_Driver@@MAEXPBEHHHHHH@Z 004239a0 f i fltk:Fl.obj
 0001:000229b0       ?font@Fl_Graphics_Driver@@UAEXHH@Z 004239b0 f i fltk:Fl.obj
 0001:000229d0       ?height@Fl_Graphics_Driver@@UAEHXZ 004239d0 f i fltk:Fl.obj
 0001:000229f0       ?rtl_draw@Fl_Graphics_Driver@@MAEXPBDHHH@Z 004239f0 f i fltk:Fl.obj
 0001:00022a00       ?width@Fl_Graphics_Driver@@UAENI@Z 00423a00 f i fltk:Fl.obj
 0001:00022a30       ?width@Fl_Graphics_Driver@@UAENPBDH@Z 00423a30 f i fltk:Fl.obj
 0001:00022a40       ?fl_beep@@YAXH@Z           00423a40 f   fltk:fl_ask.obj
 0001:00022ab0       ?fl_message@@YAXPBDZZ      00423ab0 f   fltk:fl_ask.obj
 0001:00022b10       ?fl_alert@@YAXPBDZZ        00423b10 f   fltk:fl_ask.obj
 0001:00022b70       ?fl_ask@@YAHPBDZZ          00423b70 f   fltk:fl_ask.obj
 0001:00022bc0       ?fl_choice@@YAHPBD000ZZ    00423bc0 f   fltk:fl_ask.obj
 0001:00022c10       ?fl_input@@YAPBDPBD0ZZ     00423c10 f   fltk:fl_ask.obj
 0001:00022c60       ?fl_password@@YAPBDPBD0ZZ  00423c60 f   fltk:fl_ask.obj
 0001:00022cb0       ?fl_message_icon@@YAPAVFl_Widget@@XZ 00423cb0 f   fltk:fl_ask.obj
 0001:00022cc0       ?fl_message_hotspot@@YAXH@Z 00423cc0 f   fltk:fl_ask.obj
 0001:00022cf0       ?fl_message_hotspot@@YAHXZ 00423cf0 f   fltk:fl_ask.obj
 0001:00022d00       ?fl_message_title@@YAXPBD@Z 00423d00 f   fltk:fl_ask.obj
 0001:00022d20       ?fl_message_title_default@@YAXPBD@Z 00423d20 f   fltk:fl_ask.obj
 0001:00023ba0       ??$__vcrt_va_start_verify_argument_type@PBD@@YAXXZ 00424ba0 f i fltk:fl_ask.obj
 0001:00023bb0       ?default_atclose@Fl@@SAXPAVFl_Window@@PAX@Z 00424bb0 f   fltk:Fl_Window.obj
 0001:00023be0       ?window@Fl_Widget@@QBEPAVFl_Window@@XZ 00424be0 f   fltk:Fl_Window.obj
 0001:00023c30       ?top_window@Fl_Widget@@QBEPAVFl_Window@@XZ 00424c30 f   fltk:Fl_Window.obj
 0001:00023c70       ?top_window_offset@Fl_Widget@@QBEPAVFl_Window@@AAH0@Z 00424c70 f   fltk:Fl_Window.obj
 0001:00023cf0       ?_Fl_Window@Fl_Window@@AAEXXZ 00424cf0 f   fltk:Fl_Window.obj
 0001:00023de0       ?free_icons@Fl_Window@@IAEXXZ 00424de0 f   fltk:Fl_Window.obj
 0001:00023ef0       ??0Fl_Window@@QAE@HHPBD@Z  00424ef0 f   fltk:Fl_Window.obj
 0001:00023f90       ??0Fl_Window@@QAE@HHHHPBD@Z 00424f90 f   fltk:Fl_Window.obj
 0001:00024030       ??1Fl_Window@@UAE@XZ       00425030 f   fltk:Fl_Window.obj
 0001:00024120       ?label@Fl_Window@@QAEXPBD@Z 00425120 f   fltk:Fl_Window.obj
 0001:00024150       ?iconlabel@Fl_Window@@QAEXPBD@Z 00425150 f   fltk:Fl_Window.obj
 0001:00024180       ?copy_label@Fl_Window@@QAEXPBD@Z 00425180 f   fltk:Fl_Window.obj
 0001:000241c0       ?default_xclass@Fl_Window@@SAXPBD@Z 004251c0 f   fltk:Fl_Window.obj
 0001:00024200       ?default_xclass@Fl_Window@@SAPBDXZ 00425200 f   fltk:Fl_Window.obj
 0001:00024220       ?xclass@Fl_Window@@QBEPBDXZ 00425220 f   fltk:Fl_Window.obj
 0001:00024250       ?xclass@Fl_Window@@QAEXPBD@Z 00425250 f   fltk:Fl_Window.obj
 0001:000242b0       ?default_icon@Fl_Window@@SAXPBVFl_RGB_Image@@@Z 004252b0 f   fltk:Fl_Window.obj
 0001:000242d0       ?default_icons@Fl_Window@@SAXQAPBVFl_RGB_Image@@H@Z 004252d0 f   fltk:Fl_Window.obj
 0001:000242f0       ?icon@Fl_Window@@QAEXPBVFl_RGB_Image@@@Z 004252f0 f   fltk:Fl_Window.obj
 0001:00024310       ?icons@Fl_Window@@QAEXQAPBVFl_RGB_Image@@H@Z 00425310 f   fltk:Fl_Window.obj
 0001:000243e0       ?icon@Fl_Window@@QBEPBXXZ  004253e0 f   fltk:Fl_Window.obj
 0001:00024400       ?icon@Fl_Window@@QAEXPBX@Z 00425400 f   fltk:Fl_Window.obj
 0001:00024420       ?wait_for_expose@Fl_Window@@QAEXXZ 00425420 f   fltk:Fl_Window.obj
 0001:00024470       ?x_root@Fl_Window@@QBEHXZ  00425470 f   fltk:Fl_Window.obj
 0001:000244b0       ?y_root@Fl_Window@@QBEHXZ  004254b0 f   fltk:Fl_Window.obj
 0001:000244f0       ?current@Fl_Window@@SAPAV1@XZ 004254f0 f   fltk:Fl_Window.obj
 0001:00024500       ?default_callback@Fl_Window@@SAXPAV1@PAX@Z 00425500 f   fltk:Fl_Window.obj
 0001:00024520       ??_GFl_Window@@UAEPAXI@Z   00425520 f i fltk:Fl_Window.obj
 0001:00024520       ??_EFl_Window@@UAEPAXI@Z   00425520 f i fltk:Fl_Window.obj
 0001:00024560       ?as_gl_window@Fl_Widget@@UAEPAVFl_Gl_Window@@XZ 00425560 f i fltk:Fl_Window.obj
 0001:00024570       ?readqueue@Fl@@SAPAVFl_Widget@@XZ 00425570 f   fltk:Fl_Widget.obj
 0001:000245c0       ??0Fl_Widget@@IAE@HHHHPBD@Z 004255c0 f   fltk:Fl_Widget.obj
 0001:000246d0       ?draw_focus@Fl_Widget@@IBEXW4Fl_Boxtype@@HHHH@Z 004256d0 f   fltk:Fl_Widget.obj
 0001:00024900       ??1Fl_Widget@@UAE@XZ       00425900 f   fltk:Fl_Widget.obj
 0001:000249e0       ?handle@Fl_Widget@@UAEHH@Z 004259e0 f   fltk:Fl_Widget.obj
 0001:000249f0       ?resize@Fl_Widget@@UAEXHHHH@Z 004259f0 f   fltk:Fl_Widget.obj
 0001:00024a30       ?damage_resize@Fl_Widget@@QAEHHHHH@Z 00425a30 f   fltk:Fl_Widget.obj
 0001:00024ac0       ?label@Fl_Widget@@QAEXPBD@Z 00425ac0 f   fltk:Fl_Widget.obj
 0001:00024b30       ?copy_label@Fl_Widget@@QAEXPBD@Z 00425b30 f   fltk:Fl_Widget.obj
 0001:00024ba0       ?visible_r@Fl_Widget@@QBEHXZ 00425ba0 f   fltk:Fl_Widget.obj
 0001:00024bf0       ?show@Fl_Widget@@UAEXXZ    00425bf0 f   fltk:Fl_Widget.obj
[...]
 0003:000011dc       $SG5889                    0048d1dc     fltk:vsnprintf.obj
 0003:000011e4       $SG5892                    0048d1e4     fltk:vsnprintf.obj
 0003:000011e8       $SG5899                    0048d1e8     fltk:vsnprintf.obj
 0003:000011ec       $SG5933                    0048d1ec     fltk:vsnprintf.obj
 0003:000011f8       ?table@@3PAUKeyname@@A     0048d1f8     fltk:fl_shortcut.obj
 0003:000012f0       ?standard_fp_chars@@3PBDB  0048d2f0     fltk:Fl_Input.obj
 0003:000012f4       ?drag_start@?1??handle@Fl_Input@@UAEHH@Z@4HA 0048d2f4     fltk:Fl_Input.obj
 0003:000012f8       ?l_local_buff@?1??expand_text_@@YAPBDPBDAAPADHNAAHAANHH@Z@4HA 0048d2f8     fltk:fl_draw.obj
 0003:00001300       ?draw_it_active@@3HA       0048d300     fltk:fl_boxtype.obj
 0003:00001308       ?fl_box_table@@3PAU<unnamed-type-fl_box_table>@@A 0048d308     fltk:fl_boxtype.obj
 0003:00001f44       ?symbnumb@@3HA             0048df44     fltk:fl_symbols.obj
 0003:00001f48       ?cursors@@3PAW4Fl_Cursor@@A 0048df48     fltk:Fl_Tile.obj
 0003:00001f58       $SG37744                   0048df58     fltk:scandir.obj
 0003:00001f5c       $SG37747                   0048df5c     fltk:scandir.obj
 0003:00001f60       $SG37752                   0048df60     fltk:scandir.obj
 0003:00001f64       $SG37756                   0048df64     fltk:scandir.obj
 0003:00002e38       ?done@@3_NA                0048ee38     TraceUI.obj
 0003:00002e80       ?clip_notify_list@@3PAUClipboard_Notify@@A 0048ee80     fltk:Fl.obj
 0003:00002e8c       ?clipboard_wnd@@3PAUHWND__@@A 0048ee8c     fltk:Fl.obj
 0003:00002e90       ?next_clipboard_wnd@@3PAUHWND__@@A 0048ee90     fltk:Fl.obj
 0003:00002e94       ?handlers@@3PAUhandler_link@@A 0048ee94     fltk:Fl.obj
 0003:00002e98       ?s_wsock_mod@@3PAUHINSTANCE__@@A 0048ee98     fltk:Fl.obj
 0003:00002e9c       ?s_wsock_select@@3P6GHHPAUfd_set@@00PBUtimeval@@@ZA 0048ee9c     fltk:Fl.obj
 0003:00002ea0       ?fl_wsk_fd_is_set@@3P6GHIPAUfd_set@@@ZA 0048eea0     fltk:Fl.obj
 0003:00002ecc       ?s_imm_module@@3PAUHINSTANCE__@@A 0048eecc     fltk:Fl.obj
 0003:00002ed0       ?flImmAssociateContextEx@@3P6GHPAUHWND__@@PAUHIMC__@@K@ZA 0048eed0     fltk:Fl.obj
 0003:00002ed5       ?dnd_flag@@3DA             0048eed5     fltk:Fl.obj
 0003:00002ed8       ?flImmGetContext@@3P6GPAUHIMC__@@PAUHWND__@@@ZA 0048eed8     fltk:Fl.obj
 0003:00002ee0       ?flImmSetCompositionWindow@@3P6GHPAUHIMC__@@PAUtagCOMPOSITIONFORM@@@ZA 0048eee0     fltk:Fl.obj
 0003:00002ee4       ?flImmReleaseContext@@3P6GHPAUHWND__@@PAUHIMC__@@@ZA 0048eee4     fltk:Fl.obj
 0003:00002ee8       ?sys_handlers@@3PAUsystem_handler_link@@A 0048eee8     fltk:Fl.obj
 0003:00002eec       ?track_mouse_win@@3PAVFl_Window@@A 0048eeec     fltk:Fl.obj
 0003:00002ef0       ?maxfd@@3HA                0048eef0     fltk:Fl.obj
 0003:00002ef4       ?nfds@@3HA                 0048eef4     fltk:Fl.obj
 0003:00002ef8       ?fd_array_size@@3HA        0048eef8     fltk:Fl.obj
 0003:00002f24       ?fd@@3PAUFD@@A             0048ef24     fltk:Fl.obj
 0003:00002f84       ?default_big_icon@@3PAUHICON__@@A 0048ef84     fltk:Fl.obj
 0003:00002f88       ?default_small_icon@@3PAUHICON__@@A 0048ef88     fltk:Fl.obj
 0003:00002f8c       ?win_DC_list@@3PAUWin_DC_List@@A 0048ef8c     fltk:Fl.obj
 0003:00002f98       ?num_dwidgets@@3HA         0048ef98     fltk:Fl.obj
 0003:00002f9c       ?alloc_dwidgets@@3HA       0048ef9c     fltk:Fl.obj
 0003:00002fa0       ?dwidgets@@3PAPAVFl_Widget@@A 0048efa0     fltk:Fl.obj
 0003:00002fa4       ?widget_watch@@3PAPAPAVFl_Widget@@A 0048efa4     fltk:Fl.obj
 0003:00002fa8       ?num_widget_watch@@3HA     0048efa8     fltk:Fl.obj
 0003:00002fac       ?max_widget_watch@@3HA     0048efac     fltk:Fl.obj
 0003:00002fb8       ?win32_at_exit@@3VFl_Win32_At_Exit@@A 0048efb8     fltk:Fl.obj
 0003:00002fbc       ?fl_gdi_display@@3VFl_Display_Device@@A 0048efbc     fltk:Fl.obj
 0003:00002fc8       ?fl_gdi_driver@@3VFl_GDI_Graphics_Driver@@A 0048efc8     fltk:Fl.obj
 0003:000036b0       ?first_check@@3PAUCheck@@A 0048f6b0     fltk:Fl.obj
 0003:000036b4       ?next_check@@3PAUCheck@@A  0048f6b4     fltk:Fl.obj
 0003:000036b8       ?free_check@@3PAUCheck@@A  0048f6b8     fltk:Fl.obj
 0003:000036bc       ?thread_message_@@3PAXA    0048f6bc     fltk:Fl.obj
 0003:000036c0       ?fdsets@@3PAUfd_set@@A     0048f6c0     fltk:Fl.obj
 0003:000039cc       ?win32_timers@@3PAUWin32Timer@@A 0048f9cc     fltk:Fl.obj
 0003:000039d0       ?win32_timer_alloc@@3HA    0048f9d0     fltk:Fl.obj
 0003:000039d4       ?win32_timer_used@@3HA     0048f9d4     fltk:Fl.obj
 0003:000039d8       ?s_TimerWnd@@3PAUHWND__@@A 0048f9d8     fltk:Fl.obj
 0003:000039dc       ?resize_bug_fix@@3PAVFl_Window@@A 0048f9dc     fltk:Fl.obj
 0003:000039e0       ?in_idle@?1??fl_wait@@YAHN@Z@4DA 0048f9e0     fltk:Fl.obj
 0003:000039e1       ?beenHereDoneThat@?1??fl_open_display@@YAXXZ@4DA 0048f9e1     fltk:Fl.obj
 0003:000039e4       ?px@?1??mouse_event@@YAHPAVFl_Window@@HHIJ@Z@4HA 0048f9e4     fltk:Fl.obj
 0003:000039e8       ?py@?1??mouse_event@@YAHPAVFl_Window@@HHIJ@Z@4HA 0048f9e8     fltk:Fl.obj
 0003:000039ec       ?pmx@?1??mouse_event@@YAHPAVFl_Window@@HHIJ@Z@4HA 0048f9ec     fltk:Fl.obj
 0003:000039f0       ?pmy@?1??mouse_event@@YAHPAVFl_Window@@HHIJ@Z@4HA 0048f9f0     fltk:Fl.obj
 0003:000039f8       ?vklut@?1??ms2fltk@@YAHIH@Z@4PAGA 0048f9f8     fltk:Fl.obj
 0003:00003bf8       ?extendedlut@?1??ms2fltk@@YAHIH@Z@4PAGA 0048fbf8     fltk:Fl.obj
 0003:00003df8       ?buffer@?DH@??WndProc@@YGJPAUHWND__@@IIJ@Z@4PADA 0048fdf8     fltk:Fl.obj
 0003:000041f8       ?delta@?GG@??WndProc@@YGJPAUHWND__@@IIJ@Z@4HA 004901f8     fltk:Fl.obj
 0003:000041fc       ?delta@?GJ@??WndProc@@YGJPAUHWND__@@IIJ@Z@4HA 004901fc     fltk:Fl.obj
 0003:00004200       ?class_name_list@?1??make@Fl_X@@SAPAV2@PAVFl_Window@@@Z@4VNameList@@A 00490200     fltk:Fl.obj
 0003:0000420c       ?$TSS0@?1??make@Fl_X@@SAPAV2@PAVFl_Window@@@Z@4HA 0049020c     fltk:Fl.obj
 0003:00004210       ?first_class_name@?1??make@Fl_X@@SAPAV2@PAVFl_Window@@@Z@4PBDB 00490210     fltk:Fl.obj
 0003:00004214       ?avoidRecursion@@3DA       00490214     fltk:fl_ask.obj
 0003:0000421c       ?message_form@@3PAVFl_Window@@A 0049021c     fltk:fl_ask.obj
 0003:00004220       ?message@@3PAVFl_Box@@A    00490220     fltk:fl_ask.obj
 0003:00004224       ?icon@@3PAVFl_Box@@A       00490224     fltk:fl_ask.obj
 0003:00004228       ?button@@3PAPAVFl_Button@@A 00490228     fltk:fl_ask.obj
 0003:00004234       ?input@@3PAVFl_Input@@A    00490234     fltk:fl_ask.obj
 0003:00004238       ?ret_val@@3HA              00490238     fltk:fl_ask.obj
 0003:0000423c       ?message_title_default@@3PBDB 0049023c     fltk:fl_ask.obj
 0003:00004248       ?obj_queue@@3PAPAVFl_Widget@@A 00490248     fltk:Fl_Widget.obj
 0003:00004298       ?obj_head@@3HA             00490298     fltk:Fl_Widget.obj
 0003:0000429c       ?obj_tail@@3HA             0049029c     fltk:Fl_Widget.obj
 0003:000042ac       ?fc@@3PAVFl_File_Chooser@@A 004902ac     fltk:fl_file_dir.obj
 0003:000042b0       ?current_callback@@3P6AXPBD@ZA 004902b0     fltk:fl_file_dir.obj
 0003:000042b4       ?current_label@@3PBDB      004902b4     fltk:fl_file_dir.obj
 0003:000042b8       ?retname@?1??fl_file_chooser@@YAPADPBD00H@Z@4PADA 004902b8     fltk:fl_file_dir.obj
 0003:00004ab8       ?retname@?1??fl_dir_chooser@@YAPADPBD0H@Z@4PADA 00490ab8     fltk:fl_file_dir.obj
 0003:000052b8       ?fl_gmi@@3P6GHPAUHMONITOR__@@PAUtagMONITORINFO@@@ZA 004912b8     fltk:screen_xywh.obj
 0003:000052c0       ?screens@@3PAUtagRECT@@A   004912c0     fltk:screen_xywh.obj
 0003:000053c0       ?work_area@@3PAUtagRECT@@A 004913c0     fltk:screen_xywh.obj
 0003:000054c0       ?dpi@@3PAY01MA             004914c0     fltk:screen_xywh.obj
 0003:00005570       ?main_thread@@3KA          00491570     fltk:Fl_lock.obj
 0003:00005578       ?measure@@3PAP6AXPBUFl_Label@@AAH1@ZA 00491578     fltk:fl_labeltype.obj
 0003:000055c4       ?window@@3PAVFl_TooltipBox@@A 004915c4     fltk:Fl_Tooltip.obj
 0003:000055cc       ?tip@@3PBDB                004915cc     fltk:Fl_Tooltip.obj
 0003:000055d0       ?Y@@3HA                    004915d0     fltk:Fl_Tooltip.obj
 0003:000055d4       ?H@@3HA                    004915d4     fltk:Fl_Tooltip.obj
 0003:000055d8       ?recent_tooltip@@3DA       004915d8     fltk:Fl_Tooltip.obj
 0003:000055d9       ?recursion@@3DA            004915d9     fltk:Fl_Tooltip.obj
 0003:000055da       ?beenhere@?1??set_enter_exit_once_@Fl_Tooltip@@CAXXZ@4DA 004915da     fltk:Fl_Tooltip.obj
 0003:000061e8       ?tmppen@@3PAXA             004921e8     fltk:fl_color.obj
 0003:000061ec       ?savepen@@3PAUHPEN__@@A    004921ec     fltk:fl_color.obj
 0003:000061f0       ?xmap@?1??color@Fl_GDI_Graphics_Driver@@UAEXEEE@Z@4UFl_XMap@@A 004921f0     fltk:fl_color.obj
 0003:00006200       ?brushes@?1??fl_brush_action@@YAPAUHBRUSH__@@H@Z@4PAUFl_Brush@?1??1@YAPAU2@H@Z@A 00492200     fltk:fl_color.obj
 0003:000062c0       ?beenhere@?1??fl_select_palette@@YAPAUHPALETTE__@@XZ@4DA 004922c0     fltk:fl_color.obj
 0003:000062c4       ?fl_alpha_blend@@3P6GHPAUHDC__@@HHHH0HHHHUFL_BLENDFUNCTION@@@ZA 004922c4     fltk:Fl_Double_Window.obj
 0003:000062c8       ?been_here@?1??fl_can_do_alpha_blending@@YADXZ@4DA 004922c8     fltk:Fl_Double_Window.obj
 0003:000062c9       ?can_do@?1??fl_can_do_alpha_blending@@YADXZ@4DA 004922c9     fltk:Fl_Double_Window.obj
 0003:0000637c       ?hMod@?1??newUUID@Fl_Preferences@@SAPBDXZ@4PAUHINSTANCE__@@A 0049237c     fltk:Fl_Preferences.obj
 0003:0000638c       ?fl_angle_@@3HA            0049238c     fltk:fl_font.obj
 0003:00006390       ?wstr@@3PAGA               00492390     fltk:fl_font.obj
 0003:00006394       ?wstr_len@@3HA             00492394     fltk:fl_font.obj
 0003:00006398       ?fl_GetGlyphIndices@@3P6GKPAUHDC__@@PB_WHPAGK@ZA 00492398     fltk:fl_font.obj
 0003:0000639c       ?have_loaded_GetGlyphIndices@@3HA 0049239c     fltk:fl_font.obj
 0003:000063a0       ?ext_buff@?1??text_extents@Fl_GDI_Graphics_Driver@@UAEXPBDHAAH111@Z@4PAGA 004923a0     fltk:fl_font.obj
 0003:000063a4       ?w_buff@?1??text_extents@Fl_GDI_Graphics_Driver@@UAEXPBDHAAH111@Z@4PAGA 004923a4     fltk:fl_font.obj
 0003:000063a8       ?wc_len@?1??text_extents@Fl_GDI_Graphics_Driver@@UAEXPBDHAAH111@Z@4IA 004923a8     fltk:fl_font.obj
 0003:000063b8       ?hMod@?1??draw@Fl_GDI_Printer_Graphics_Driver@@UAEXPAVFl_Pixmap@@HHHHHH@Z@4PAUHINSTANCE__@@A 004923b8     fltk:Fl_Pixmap.obj
 0003:000063bc       ?fl_TransparentBlt@?1??draw@Fl_GDI_Printer_Graphics_Driver@@UAEXPAVFl_Pixmap@@HHHHHH@Z@4P6GHPAUHDC__@@HHHH1HHHHI@ZA 004923bc     fltk:Fl_Pixmap.obj
 0003:000063c0       ?fl_TransparentBlt@?1??draw@Fl_GDI_Printer_Graphics_Driver@@UAEXPAVFl_Bitmap@@HHHHHH@Z@4P6GHPAUHDC__@@HHHH1HHHHI@ZA 004923c0     fltk:Fl_Bitmap.obj
 0003:000063c4       ?hMod@?1??draw@Fl_GDI_Printer_Graphics_Driver@@UAEXPAVFl_Bitmap@@HHHHHH@Z@4PAUHINSTANCE__@@A 004923c4     fltk:Fl_Bitmap.obj
 0003:000063c8       ?ri@?1??dither@@YAXPAEPBEHH@Z@4HA 004923c8     fltk:fl_draw_image.obj
 0003:000063cc       ?gi@?1??dither@@YAXPAEPBEHH@Z@4HA 004923cc     fltk:fl_draw_image.obj
 0003:000063d0       ?bi@?1??dither@@YAXPAEPBEHH@Z@4HA 004923d0     fltk:fl_draw_image.obj
 0003:000063d4       ?dir@?1??dither@@YAXPAEPBEHH@Z@4HA 004923d4     fltk:fl_draw_image.obj
 0003:000063d8       ?ri@?1??monodither@@YAXPAEPBEHH@Z@4HA 004923d8     fltk:fl_draw_image.obj
 0003:000063dc       ?dir@?1??monodither@@YAXPAEPBEHH@Z@4HA 004923dc     fltk:fl_draw_image.obj
 0003:000063e0       ?bmibuffer@?1??innards@@YAXPBEHHHHHHHP6AXPAXHHHPAE@Z1@Z@4PAIA 004923e0     fltk:fl_draw_image.obj
 0003:00006810       ?buffer@?1??innards@@YAXPBEHHHHHHHP6AXPAXHHHPAE@Z1@Z@4PAIA 00492810     fltk:fl_draw_image.obj
 0003:00006814       ?buffer_size@?1??innards@@YAXPBEHHHHHHHP6AXPAXHHHPAE@Z1@Z@4JA 00492814     fltk:fl_draw_image.obj
 0003:00006818       ?line_buffer@?1??innards@@YAXPBEHHHHHHHP6AXPAXHHHPAE@Z1@Z@4PAIA 00492818     fltk:fl_draw_image.obj
 0003:0000681c       ?line_buf_size@?CH@??innards@@YAXPBEHHHHHHHP6AXPAXHHHPAE@Z1@Z@4HA 0049281c     fltk:fl_draw_image.obj
 0003:00006828       ?fl_bg_set@@3DA            00492828     fltk:Fl_get_system_colors.obj
 0003:00006829       ?fl_bg2_set@@3DA           00492829     fltk:Fl_get_system_colors.obj
 0003:0000682a       ?fl_fg_set@@3DA            0049282a     fltk:Fl_get_system_colors.obj
 0003:00006838       ?tile@@3VFl_Pixmap@@A      00492838     fltk:Fl_get_system_colors.obj
 0003:00006860       ?e@?1??scheme@Fl@@SAHPBD@Z@4PADA 00492860     fltk:Fl_get_system_colors.obj
 0003:00006c98       ?mbwbuf@@3PA_WA            00492c98     fltk:fl_utf8.obj
 0003:00006ca0       ?buf@@3PADA                00492ca0     fltk:fl_utf8.obj
 0003:00006ca4       ?buf_len@@3HA              00492ca4     fltk:fl_utf8.obj
 0003:00006ca8       ?wbufa@@3PAGA              00492ca8     fltk:fl_utf8.obj
 0003:00006cac       ?wbuf@@3PA_WA              00492cac     fltk:fl_utf8.obj
 0003:00006cb0       ?wbuf1@@3PA_WA             00492cb0     fltk:fl_utf8.obj
 0003:00006cb4       ?table@?1??Toupper@@YAHH@Z@4PAGA 00492cb4     fltk:fl_utf8.obj
 0003:00006cb8       ?buf@?1??fl_utf2mbcs@@9@4PADA 00492cb8     fltk:fl_utf8.obj
 0003:00006cbc       ?buf@?1??fl_getenv@@9@4PADA 00492cbc     fltk:fl_utf8.obj
 0003:00006cc0       ?wbuf@?1??fl_getcwd@@9@4PA_WA 00492cc0     fltk:fl_utf8.obj
 0003:00006cc4       ?buf@?1??fl_shortcut_label@@YAPBDIPAPBD@Z@4PADA 00492cc4     fltk:fl_shortcut.obj
 0003:00006cfc       ?l_secret@@3HA             00492cfc     fltk:Fl_Input_.obj
 0003:00006d00       ?undobuffer@@3PADA         00492d00     fltk:Fl_Input_.obj
 0003:00006d04       ?undobufferlength@@3HA     00492d04     fltk:Fl_Input_.obj
 0003:00006d08       ?undowidget@@3PAVFl_Input_@@A 00492d08     fltk:Fl_Input_.obj
 0003:00006d0c       ?undoat@@3HA               00492d0c     fltk:Fl_Input_.obj
 0003:00006d10       ?undocut@@3HA              00492d10     fltk:Fl_Input_.obj
 0003:00006d14       ?undoinsert@@3HA           00492d14     fltk:Fl_Input_.obj
 0003:00006d18       ?yankcut@@3HA              00492d18     fltk:Fl_Input_.obj
 0003:00006d1c       ?legal_fp_chars@@3PBDB     00492d1c     fltk:Fl_Input.obj
 0003:00006d20       ?dnd_save_position@?1??handle@Fl_Input@@UAEHH@Z@4HA 00492d20     fltk:Fl_Input.obj
 0003:00006d24       ?dnd_save_mark@?1??handle@Fl_Input@@UAEHH@Z@4HA 00492d24     fltk:Fl_Input.obj
 0003:00006d28       ?newpos@?1??handle@Fl_Input@@UAEHH@Z@4HA 00492d28     fltk:Fl_Input.obj
 0003:00006d2c       ?dnd_save_focus@?1??handle@Fl_Input@@UAEHH@Z@4PAVFl_Widget@@A 00492d2c     fltk:Fl_Input.obj
 0003:00006d34       ?underline_at@@3PADA       00492d34     fltk:fl_draw.obj
 0003:00006d38       ?local_buf@?1??expand_text_@@YAPBDPBDAAPADHNAAHAANHH@Z@4PADA 00492d38     fltk:fl_draw.obj
 0003:00006d3c       ?$TSS0@?1??expand_text_@@YAPBDPBDAAPADHNAAHAANHH@Z@4HA 00492d3c     fltk:fl_draw.obj
 0003:00006d44       ?pressed_menu_button_@@3PAVFl_Menu_Button@@A 00492d44     fltk:Fl_Menu_Button.obj
 0003:00006d48       ?p@@3PAUmenustate@@A       00492d48     fltk:Fl_Menu.obj
 0003:00006d4c       ?button@@3PBVFl_Menu_@@B   00492d4c     fltk:Fl_Menu.obj
 0003:00006d50       ?dummy@?1??popup@Fl_Menu_Item@@QBEPBU2@HHPBDPBU2@PBVFl_Menu_@@@Z@4U2@A 00492d50     fltk:Fl_Menu.obj
 0003:00006d74       ?local_array@@3PAUFl_Menu_Item@@A 00492d74     fltk:Fl_Menu_add.obj
 0003:00006d78       ?local_array_alloc@@3HA    00492d78     fltk:Fl_Menu_add.obj
 0003:00006d7c       ?local_array_size@@3HA     00492d7c     fltk:Fl_Menu_add.obj
 0003:00006d80       ?offcenter@?9??handle@Fl_Slider@@IAEHHHHHH@Z@4HA 00492d80     fltk:Fl_Slider.obj
 0003:00006d84       ?image_new@@3VFl_Bitmap@@A 00492d84     fltk:Fl_File_Chooser.obj
 0003:00006db8       ?pathname@?1??value@Fl_File_Chooser@@QAEPBDH@Z@4PADA 00492db8     fltk:Fl_File_Chooser2.obj
 0003:000075c0       ?ncolors@@3HA              004935c0     fltk:fl_draw_pixmap.obj
 0003:000075c4       ?chars_per_pixel@@3HA      004935c4     fltk:fl_draw_pixmap.obj
 0003:000075c8       ?color_count@@3HA          004935c8     fltk:fl_draw_pixmap.obj
 0003:000075cc       ?used_colors@@3PAUUsedColor@@A 004935cc     fltk:fl_draw_pixmap.obj
 0003:000075d0       ?table@?1??XUtf8Toupper@@9@9 004935d0     fltk:case.obj
 0003:000075d8       ?symbols@@3PAUSYMBOL@@A    004935d8     fltk:fl_symbols.obj
 0003:00007fbc       ?beenhere@?1??fl_init_symbols@@YAXXZ@4DA 00493fbc     fltk:fl_symbols.obj
 0003:00007fc0       ?cursor@?1??set_cursor@@YAXPAVFl_Tile@@W4Fl_Cursor@@@Z@4W43@A 00493fc0     fltk:Fl_Tile.obj
 0003:00007fc4       ?sdrag@?1??handle@Fl_Tile@@UAEHH@Z@4HA 00493fc4     fltk:Fl_Tile.obj
 0003:00007fc8       ?sdx@?1??handle@Fl_Tile@@UAEHH@Z@4HA 00493fc8     fltk:Fl_Tile.obj
 0003:00007fcc       ?sdy@?1??handle@Fl_Tile@@UAEHH@Z@4HA 00493fcc     fltk:Fl_Tile.obj
 0003:00007fd0       ?sx@?1??handle@Fl_Tile@@UAEHH@Z@4HA 00493fd0     fltk:Fl_Tile.obj
 0003:00007fd4       ?sy@?1??handle@Fl_Tile@@UAEHH@Z@4HA 00493fd4     fltk:Fl_Tile.obj
 0003:00007fd8       ?change@?1??handle@Fl_Browser_@@UAEHH@Z@4DA 00493fd8     fltk:Fl_Browser_.obj
 0003:00007fd9       ?whichway@?1??handle@Fl_Browser_@@UAEHH@Z@4DA 00493fd9     fltk:Fl_Browser_.obj
 0003:00007fdc       ?py@?1??handle@Fl_Browser_@@UAEHH@Z@4HA 00493fdc     fltk:Fl_Browser_.obj
 0003:00007fe0       ?inButtonBar@?1??handle@Fl_File_Input@@UAEHH@Z@4DA 00493fe0     fltk:Fl_File_Input.obj
 0003:00008000       ?SWAP_TYPE@@3DA            00494000     fltkgl:Fl_Gl_Window.obj
 0003:00008008       ?ortho_context@?DG@??flush@Fl_Gl_Window@@UAEXXZ@4PAUHGLRC__@@A 00494008     fltkgl:Fl_Gl_Window.obj
 0003:0000800c       ?ortho_window@?DG@??flush@Fl_Gl_Window@@UAEXXZ@4PAV2@A 0049400c     fltkgl:Fl_Gl_Window.obj
 0003:00008010       ?context_list@@3PAPAUHGLRC__@@A 00494010     fltkgl:Fl_Gl_Choice.obj
 0003:00008014       ?nContext@@3HA             00494014     fltkgl:Fl_Gl_Choice.obj
 0003:00008018       ?NContext@@3HA             00494018     fltkgl:Fl_Gl_Choice.obj
 0003:0000801c       ?first@@3PAVFl_Gl_Choice@@A 0049401c     fltkgl:Fl_Gl_Choice.obj
 0003:00008020       ?cached_context@@3PAUHGLRC__@@A 00494020     fltkgl:Fl_Gl_Choice.obj
 0003:00008024       ?cached_window@@3PAVFl_Window@@A 00494024     fltkgl:Fl_Gl_Choice.obj
 0003:0000802c       ?Gl_Device_Plugin@@3VFl_Gl_Device_Plugin@@A 0049402c     fltkgl:Fl_Gl_Device_Plugin.obj
 0003:00008034       ?gl_fontsize@@3PAVFl_Font_Descriptor@@A 00494034     fltkgl:gl_draw.obj
 0003:00008038       ?buf@?1??gl_draw@@YAXPBDH@Z@4PA_WA 00494038     fltkgl:gl_draw.obj
 0003:0000803c       ?l@?1??gl_draw@@YAXPBDH@Z@4HA 0049403c     fltkgl:gl_draw.obj
 0003:00008040       _GS_ExceptionRecord        00494040     MSVCRT:gs_report.obj
 0003:00008090       _GS_ContextRecord          00494090     MSVCRT:gs_report.obj
 0003:00008364       ?is_initialized_as_dll@@3_NA 00494364     MSVCRT:utility.obj
 0003:00008365       ?module_local_atexit_table_initialized@@3_NA 00494365     MSVCRT:utility.obj
 0003:00008368       ?module_local_atexit_table@@3U_onexit_table_t@@A 00494368     MSVCRT:utility.obj
 0003:00008374       ?module_local_at_quick_exit_table@@3U_onexit_table_t@@A 00494374     MSVCRT:utility.obj
 0003:00008380       ?g_tss_cv@@3U_RTL_CONDITION_VARIABLE@@A 00494380     MSVCRT:thread_safe_statics.obj
 0003:00008384       ?g_tss_event@@3PAXA        00494384     MSVCRT:thread_safe_statics.obj
 0003:00008388       ?g_tss_mutex@@3U_RTL_CRITICAL_SECTION@@A 00494388     MSVCRT:thread_safe_statics.obj
 0003:000083a0       ?g_sleep_condition_variable_cs@@3P6GHPAU_RTL_CONDITION_VARIABLE@@PAU_RTL_CRITICAL_SECTION@@K@ZA 004943a0     MSVCRT:thread_safe_statics.obj
 0003:000083a4       ?g_wake_all_condition_variable@@3P6GXPAU_RTL_CONDITION_VARIABLE@@@ZA 004943a4     MSVCRT:thread_safe_statics.obj
 0003:000083c4       ?_Fac_head@std@@3PAU_Fac_node@1@A 004943c4     msvcprt:locale0_implib.obj
 0003:000083c8       ?mbwbuf@?1??mbcs2utf@@9@9  004943c8     fltk:fl_call_main.obj
 0004:00000060       $R000000                   00495060     * linker generated manifest res *
